Archive member included to satisfy reference by file (symbol)

C:/devkitPro/libogc/lib/wii\libwiiuse.a(wpad.o)
                              input.o (symbol from plugin) (WPAD_SetDataFormat)
C:/devkitPro/libogc/lib/wii\libwiiuse.a(motion_plus.o)
                              C:/devkitPro/libogc/lib/wii\libwiiuse.a(wpad.o) (wiiuse_set_motion_plus)
C:/devkitPro/libogc/lib/wii\libwiiuse.a(dynamics.o)
                              C:/devkitPro/libogc/lib/wii\libwiiuse.a(wpad.o) (calculate_gforce)
C:/devkitPro/libogc/lib/wii\libwiiuse.a(io.o)
                              C:/devkitPro/libogc/lib/wii\libwiiuse.a(motion_plus.o) (wiiuse_disable_expansion)
C:/devkitPro/libogc/lib/wii\libwiiuse.a(io_wii.o)
                              C:/devkitPro/libogc/lib/wii\libwiiuse.a(wpad.o) (__wiiuse_sensorbar_enable)
C:/devkitPro/libogc/lib/wii\libwiiuse.a(ir.o)
                              C:/devkitPro/libogc/lib/wii\libwiiuse.a(motion_plus.o) (wiiuse_set_ir_mode)
C:/devkitPro/libogc/lib/wii\libwiiuse.a(nunchuk.o)
                              C:/devkitPro/libogc/lib/wii\libwiiuse.a(io.o) (nunchuk_handshake)
C:/devkitPro/libogc/lib/wii\libwiiuse.a(wiiboard.o)
                              C:/devkitPro/libogc/lib/wii\libwiiuse.a(io.o) (wii_board_handshake)
C:/devkitPro/libogc/lib/wii\libwiiuse.a(wiiuse.o)
                              C:/devkitPro/libogc/lib/wii\libwiiuse.a(wpad.o) (wiiuse_init)
C:/devkitPro/libogc/lib/wii\libwiiuse.a(speaker.o)
                              C:/devkitPro/libogc/lib/wii\libwiiuse.a(wpad.o) (wencdata)
C:/devkitPro/libogc/lib/wii\libwiiuse.a(classic.o)
                              C:/devkitPro/libogc/lib/wii\libwiiuse.a(io.o) (classic_ctrl_handshake)
C:/devkitPro/libogc/lib/wii\libwiiuse.a(events.o)
                              C:/devkitPro/libogc/lib/wii\libwiiuse.a(io_wii.o) (parse_event)
C:/devkitPro/libogc/lib/wii\libwiiuse.a(guitar_hero_3.o)
                              C:/devkitPro/libogc/lib/wii\libwiiuse.a(io.o) (guitar_hero_3_handshake)
C:/devkitPro/libogc/lib/wii\libfat.a(fat_wrappers.o)
                              main.o (symbol from plugin) (fatInitDefault)
C:/devkitPro/libogc/lib/wii\libfat.a(dvm_libogc.o)
                              C:/devkitPro/libogc/lib/wii\libfat.a(fat_wrappers.o) (dvmInit)
C:/devkitPro/libogc/lib/wii\libfat.a(dvm_disc.o)
                              C:/devkitPro/libogc/lib/wii\libfat.a(fat_wrappers.o) (dvmDiscCreate)
C:/devkitPro/libogc/lib/wii\libfat.a(dvm_cache.o)
                              C:/devkitPro/libogc/lib/wii\libfat.a(fat_wrappers.o) (dvmDiscCacheCreate)
C:/devkitPro/libogc/lib/wii\libfat.a(dvm_volume.o)
                              C:/devkitPro/libogc/lib/wii\libfat.a(fat_wrappers.o) (dvmMountVolume)
C:/devkitPro/libogc/lib/wii\libfat.a(dvm_prober.o)
                              C:/devkitPro/libogc/lib/wii\libfat.a(dvm_libogc.o) (dvmProbeMountDiscIface)
C:/devkitPro/libogc/lib/wii\libfat.a(fat_driver.o)
                              C:/devkitPro/libogc/lib/wii\libfat.a(dvm_volume.o) (g_vfatFsDriver)
C:/devkitPro/libogc/lib/wii\libfat.a(ff.o)
                              C:/devkitPro/libogc/lib/wii\libfat.a(fat_driver.o) (f_mount)
C:/devkitPro/libogc/lib/wii\libfat.a(ffunicode.o)
                              C:/devkitPro/libogc/lib/wii\libfat.a(ff.o) (ff_uni2oem)
C:/devkitPro/libogc/lib/wii\libbte.a(bte.o)
                              C:/devkitPro/libogc/lib/wii\libwiiuse.a(wpad.o) (BTE_Init)
C:/devkitPro/libogc/lib/wii\libbte.a(hci.o)
                              C:/devkitPro/libogc/lib/wii\libbte.a(bte.o) (hci_init)
C:/devkitPro/libogc/lib/wii\libbte.a(l2cap.o)
                              C:/devkitPro/libogc/lib/wii\libbte.a(bte.o) (l2cap_init)
C:/devkitPro/libogc/lib/wii\libbte.a(btmemb.o)
                              C:/devkitPro/libogc/lib/wii\libbte.a(bte.o) (btmemb_init)
C:/devkitPro/libogc/lib/wii\libbte.a(btmemr.o)
                              C:/devkitPro/libogc/lib/wii\libbte.a(hci.o) (btmemr_init)
C:/devkitPro/libogc/lib/wii\libbte.a(btpbuf.o)
                              C:/devkitPro/libogc/lib/wii\libbte.a(hci.o) (btpbuf_init)
C:/devkitPro/libogc/lib/wii\libbte.a(physbusif.o)
                              C:/devkitPro/libogc/lib/wii\libbte.a(bte.o) (physbusif_init)
C:/devkitPro/libogc/lib/wii\libogc.a(lwp_queue.o)
                              C:/devkitPro/libogc/lib/wii\libwiiuse.a(io_wii.o) (__lwp_queue_initialize)
C:/devkitPro/libogc/lib/wii\libogc.a(lwp_threads.o)
                              C:/devkitPro/libogc/lib/wii\libwiiuse.a(wpad.o) (_thread_dispatch_disable_level)
C:/devkitPro/libogc/lib/wii\libogc.a(lwp.o)
                              thread.o (symbol from plugin) (LWP_CreateThread)
C:/devkitPro/libogc/lib/wii\libogc.a(lwp_handler.o)
                              C:/devkitPro/libogc/lib/wii\libogc.a(lwp_threads.o) (_cpu_context_save_fp)
C:/devkitPro/libogc/lib/wii\libogc.a(lwp_stack.o)
[...]
Memory Configuration

Name             Origin             Length             Attributes
*default*        0x00000000         0xffffffff

Linker script and memory map

                0x00003400                        . = 0x3400

.stub
 *(.stub)
                0x80004000                        . = 0x80004000

.init           0x80004000      0x194
 *crt0.o(*.init)
 .init          0x80004000      0x170 C:/devkitPro/libogc/lib/wii\libogc.a(ogc_crt0.o)
                0x80004000                _start
                0x80004140                _memset
 *(.init)
 .init          0x80004170        0xc C:/devkitPro/devkitPPC/bin/../lib/gcc/powerpc-eabi/14.2.0/ecrti.o
                0x80004170                __init
 .init          0x8000417c        0x4 C:/devkitPro/devkitPPC/bin/../lib/gcc/powerpc-eabi/14.2.0/crtbegin.o
 .init          0x80004180        0x4 C:/devkitPro/devkitPPC/bin/../lib/gcc/powerpc-eabi/14.2.0/crtend.o
 .init          0x80004184       0x10 C:/devkitPro/devkitPPC/bin/../lib/gcc/powerpc-eabi/14.2.0/ecrtn.o

.rela.dyn       0x80004194        0x0
 .rela.iplt     0x80004194        0x0 C:/devkitPro/devkitPPC/bin/../lib/gcc/powerpc-eabi/14.2.0/crtbegin.o

.plt
 *(.plt)

.interp
 *(.interp)

.hash
 *(.hash)

.dynsym
 *(.dynsym)

.dynstr
 *(.dynstr)

.gnu.version
 *(.gnu.version)

.gnu.version_d
 *(.gnu.version_d)

.gnu.version_r
 *(.gnu.version_r)

.rel.init
 *(.rel.init)

.rela.init
 *(.rela.init)

.rel.text
 *(.rel.text .rel.text.* .rel.gnu.linkonce.t.*)

.rela.text      0x80004194        0x0
 *(.rela.text .rela.text.* .rela.gnu.linkonce.t.*)
 .rela.text.__do_global_dtors_aux
                0x80004194        0x0 C:/devkitPro/devkitPPC/bin/../lib/gcc/powerpc-eabi/14.2.0/crtbegin.o
 .rela.text.frame_dummy
                0x80004194        0x0 C:/devkitPro/devkitPPC/bin/../lib/gcc/powerpc-eabi/14.2.0/crtbegin.o
 .rela.text.unlikely.abort
                0x80004194        0x0 C:/devkitPro/devkitPPC/bin/../lib/gcc/powerpc-eabi/14.2.0/crtbegin.o
 .rela.text.__assert_func
                0x80004194        0x0 C:/devkitPro/devkitPPC/bin/../lib/gcc/powerpc-eabi/14.2.0/crtbegin.o

.rel.fini
 *(.rel.fini)

.rela.fini
 *(.rela.fini)

.rel.rodata
 *(.rel.rodata .rel.rodata.* .rel.gnu.linkonce.r.*)

.rela.rodata
 *(.rela.rodata .rela.rodata.* .rela.gnu.linkonce.r.*)

.rel.data
 *(.rel.data .rel.data.* .rel.gnu.linkonce.d.*)

.rela.data
 *(.rela.data .rela.data.* .rela.gnu.linkonce.d.*)

.rel.tdata
 *(.rel.tdata .rel.tdata.* .rel.gnu.linkonce.td.*)

.rela.tdata
 *(.rela.tdata .rela.tdata.* .rela.gnu.linkonce.td.*)

.rel.tbss
 *(.rel.tbss .rel.tbss.* .rel.gnu.linkonce.tb.*)

.rela.tbss
 *(.rela.tbss .rela.tbss.* .rela.gnu.linkonce.tb.*)

.rel.ctors
 *(.rel.ctors)

.rela.ctors
 *(.rela.ctors)

.rel.dtors
 *(.rel.dtors)

.rela.dtors
 *(.rela.dtors)

.rel.got
 *(.rel.got)

.rela.got
 *(.rela.got)

.rela.got1
 *(.rela.got1)

.rela.got2
 *(.rela.got2)

.rel.sdata
 *(.rel.sdata .rel.sdata.* .rel.gnu.linkonce.s.*)

.rela.sdata
 *(.rela.sdata .rela.sdata.* .rela.gnu.linkonce.s.*)

.rel.sbss
 *(.rel.sbss .rel.sbss.* .rel.gnu.linkonce.sb.*)

.rela.sbss
 *(.rela.sbss .rela.sbss.* .rel.gnu.linkonce.sb.*)

.rel.sdata2
 *(.rel.sdata2 .rel.sdata2.* .rel.gnu.linkonce.s2.*)

.rela.sdata2
 *(.rela.sdata2 .rela.sdata2.* .rela.gnu.linkonce.s2.*)

.rel.sbss2
 *(.rel.sbss2 .rel.sbss2.* .rel.gnu.linkonce.sb2.*)

.rela.sbss2
 *(.rela.sbss2 .rela.sbss2.* .rela.gnu.linkonce.sb2.*)

.rel.bss
 *(.rel.bss .rel.bss.* .rel.gnu.linkonce.b.*)

.rela.bss
 *(.rela.bss .rela.bss.* .rela.gnu.linkonce.b.*)

.rel.plt
 *(.rel.plt)

.rela.plt
 *(.rela.plt)

.text           0x800041a0    0xda4c0
 *(.text)
 .text          0x800041a0     0xc03c C:\devkitPro\msys2\tmp\ccwWqsiM.ltrans0.ltrans.o
                0x800041a0                wsection_heightmap_get_block.lto_priv.0
                0x80007850                entity_default_teleport
                0x8000ac18                entity_block_aabb_test
                0x8000d684                block_place_default
                0x8000f2c4                world_find_chunk
                0x8000f43c                chunk_trigger_neighbour_update.lto_priv.0
                0x8000f64c                particle_add.lto_priv.0
                0x8000f988                entity_get_block
                0x8000fab8                entity_shadow
 .text          0x800101dc     0xb27c C:\devkitPro\msys2\tmp\ccwWqsiM.ltrans1.ltrans.o
                0x800107ec                render_block_torch
                0x80011cc4                entity_client_tick.lto_priv.0
                0x80012160                entity_client_tick.lto_priv.1
                0x800125e8                entity_server_tick.lto_priv.1
                0x80012a70                entity_server_tick.lto_priv.0
                0x8001308c                entity_render.lto_priv.0
                0x80013440                entity_tick.lto_priv.0
                0x80013e6c                render_block_cross
                0x80014560                render_block_tree2d
                0x80014c6c                render_block_rail
                0x800151d0                entity_render.lto_priv.1
                0x80015a78                render_block_cactus
                0x80016740                render_block_fluid
                0x800174a0                gutil_texquad_col
                0x80017584                gutil_control_icon
                0x80017a5c                gutil_bg
                0x80017bfc                gutil_draw_item
                0x8001820c                render_block_side_adv_v2.lto_priv.0
                0x80019374                render_block_ladder
                0x80019e88                render_block_side.lto_priv.0
                0x8001b2f0                render_block_portal
 .text          0x8001b458     0x855c C:\devkitPro\msys2\tmp\ccwWqsiM.ltrans2.ltrans.o
                0x8001b458                render_block_fence_always
                0x8001bc68                render_block_door
                0x8001c074                render_block_crops
                0x8001c7b8                render_block_cake
                0x8001d278                render_block_farmland
                0x8001deec                render_block_stairs_always
                0x8001e2c8                render_block_stairs
                0x8001e9a4                render_block_bed
                0x8001f9e8                render_block_fire
                0x80020294                render_block_pressure_plate
                0x80020cb0                render_block_fence
                0x80021904                render_block_trapdoor
                0x8002295c                render_block_sign
 .text          0x800239b4     0xf824 C:\devkitPro\msys2\tmp\ccwWqsiM.ltrans3.ltrans.o
                0x800239b4                inv_pre_action.lto_priv.0.lto_priv.0
                0x800239bc                inv_post_action.lto_priv.0.lto_priv.0
                0x800239c0                inv_pre_action.lto_priv.3.lto_priv.0
                0x800239c8                inv_post_action.lto_priv.3.lto_priv.0
                0x800239cc                render_block_layer
                0x800246cc                render_block_slab
                0x80025340                render_block_full
                0x80025fa4                render_block_furnace
                0x80026c08                block_cracks_texture.lto_priv.0
                0x80026dc4                render_item_flat
                0x800276d0                render_item_block
                0x80028594                inv_pre_action.lto_priv.1
                0x80028e84                inv_post_action.lto_priv.2
                0x80029700                inv_on_create.lto_priv.0
                0x8002a178                inv_on_destroy.lto_priv.0
                0x8002ab30                inv_on_create.lto_priv.1
                0x8002b4e0                inv_on_destroy.lto_priv.1
                0x8002be98                inv_on_create.lto_priv.2
                0x8002c848                inv_on_destroy.lto_priv.2
                0x8002d200                inv_on_create.lto_priv.3
                0x8002dc78                inv_on_destroy.lto_priv.3
                0x8002e630                inv_on_close.lto_priv.0
                0x8002ea50                inv_on_close.lto_priv.1
                0x8002f1f8                inv_on_close.lto_priv.2
                0x8002f630                inv_on_close.lto_priv.3
                0x8002fa50                inv_on_collect.lto_priv.0
                0x8002fcec                inv_on_collect.lto_priv.1
                0x8002ff88                inv_on_collect.lto_priv.2
                0x80030224                inv_on_collect.lto_priv.3
                0x800304c0                inv_post_action.lto_priv.1
                0x80030634                inv_pre_action.lto_priv.2
                0x800307fc                dict_atlas_src_push_raw.lto_priv.0
                0x800308e4                tex_atlas_reg
                0x80030a24                tex_atlas_reg_col
                0x80030a98                clin_process
                0x80032ef8                clin_rpc_send
                0x80032f60                m_string_vprintf.lto_priv.0
                0x80033124                swap_endianness.part.0.lto_priv.0
 .text          0x800331d8     0xbfac C:\devkitPro\msys2\tmp\ccwWqsiM.ltrans4.ltrans.o
                0x800331d8                inv_post_action.lto_priv.5.lto_priv.0
                0x800331dc                inv_on_collect.lto_priv.5
                0x800331fc                screen_chest_reset.lto_priv.0
                0x80033498                screen_crafting_reset.lto_priv.0
                0x800337cc                screen_furnace_reset.lto_priv.0
                0x80033a68                screen_ingame_reset.lto_priv.0
                0x80033a84                server_world_light_get_block.lto_priv.0
                0x80033c6c                server_world_light_set_light.lto_priv.0
                0x8003452c                inv_pre_action.lto_priv.4
                0x800346fc                inv_pre_action.lto_priv.5
                0x80034f10                inv_post_action.lto_priv.4
                0x80035264                screen_chest_update.lto_priv.0
                0x800357cc                screen_crafting_update.lto_priv.0
                0x80035d34                screen_furnace_update.lto_priv.0
                0x8003629c                screen_chest_render2D.lto_priv.0
                0x800369b0                screen_crafting_render2D.lto_priv.0
                0x800370b8                screen_furnace_render2D.lto_priv.0
                0x800377c0                level_archive_destroy
                0x800378ec                rebuild_occupied_list.lto_priv.0
                0x800380dc                dict_entity_init.lto_priv.1
                0x80038218                dict_entity_safe_get.lto_priv.0
                0x800389a8                server_local_spawn_block_drops
                0x80038b5c                server_local_send_inv_changes
                0x80038da8                inv_on_close.lto_priv.4
                0x8003924c                inv_on_collect.lto_priv.4
                0x800394e8                inv_on_close.lto_priv.5
                0x800397c8                inv_on_create.lto_priv.4
                0x8003a14c                inv_on_destroy.lto_priv.4
                0x8003a300                server_local_set_player_health
                0x8003a5ec                server_world_get_block
                0x8003efa4                server_local_thread.lto_priv.0
                0x8003efd0                server_world_get_block.part.0
                0x8003f15c                screen_set
 .text          0x8003f184     0xd41c C:\devkitPro\msys2\tmp\ccwWqsiM.ltrans5.ltrans.o
                0x8003f4a0                screen_iron_chest_reset.lto_priv.0
                0x8003f954                screen_lworld_reset.lto_priv.0
                0x8003f970                screen_lworld_update.lto_priv.0
                0x8003f9d8                screen_sign_reset.lto_priv.0
                0x8003fa18                screen_ingame_render3D
                0x800417f0                screen_ingame_render2D.lto_priv.0
                0x800420bc                screen_iron_chest_render2D.lto_priv.0
                0x800427cc                screen_sign_render2D.lto_priv.0
                0x8004327c                screen_lworld_render2D.lto_priv.0
                0x80043524                screen_sworld_reset.lto_priv.0
                0x80043b58                screen_sworld_render2D.lto_priv.0
                0x800440d4                gfx_matrix_modelview
                0x80044180                displaylist_pos
                0x8004427c                displaylist_texcoord
                0x800442a8                input_native_key_symbol
                0x8004452c                input_pressed
                0x800450d0                screen_iron_chest_update.lto_priv.0
                0x8004581c                screen_sworld_update.lto_priv.0
                0x80045b50                screen_sign_update.lto_priv.0
                0x80045e50                input_held
                0x800463e8                screen_ingame_update.lto_priv.0
                0x80047c60                tex_read
                0x80047ecc                tex_gfx_load
                0x80049e44                gfx_setup
                0x8004c1bc                inventory_create
                0x8004c2f4                inventory_action
 .text          0x8004c5a0     0xf9a0 C:\devkitPro\msys2\tmp\ccwWqsiM.ltrans6.ltrans.o
                0x8004cd10                onItemPlace.lto_priv.19
                0x8004cd5c                onItemPlace.lto_priv.20
                0x8004cda0                onItemPlace.lto_priv.22
                0x8004cdec                onItemPlace.lto_priv.26.lto_priv.0
                0x8004ce1c                onItemPlace.lto_priv.27
                0x8004ce68                onItemPlace.lto_priv.30.lto_priv.0
                0x8004ce98                onItemPlace.lto_priv.31
                0x8004cee4                onItemPlace.lto_priv.28
                0x8004d06c                onItemPlace.lto_priv.32
                0x8004d184                onItemPlace.lto_priv.21
                0x8004d498                onItemPlace.lto_priv.23
                0x8004d8d0                onItemPlace.lto_priv.24
                0x8004dd04                onItemPlace.lto_priv.25
                0x8004e180                onItemPlace.lto_priv.29
                0x8004e26c                onItemPlace.lto_priv.33
                0x8004e540                writeBits.lto_priv.0
                0x8004edcc                recipe_init
                0x80050b44                windowc_destroy
                0x80050c80                windowc_new_action
                0x80050e98                nbt_dump_compressed
                0x800510f8                nbt_free_list
                0x8005194c                nbt_parse_compressed
                0x80051bcc                nbt_parse_path
                0x80051d38                nbt_free
                0x80051dd4                nbt_clone
                0x8005212c                nbt_find_by_path
                0x8005228c                writeBitsReversed.lto_priv.0
                0x800523ac                HuffmanTree_makeFromLengths2.lto_priv.0
                0x80052b84                bpmnode_create.lto_priv.0
                0x80052e04                boundaryPM.lto_priv.0
                0x8005301c                writeLZ77data.lto_priv.0
                0x80053158                zlib_decompress.lto_priv.0
                0x80054c8c                lodepng_crc32
                0x80054fd4                lodepng_chunk_generate_crc
                0x8005501c                lodepng_chunk_next
                0x8005501c                lodepng_chunk_next_const
                0x800550d4                lodepng_chunk_init.lto_priv.0
                0x800551f0                lodepng_chunk_createv.lto_priv.0
                0x8005528c                checkColorValidity.lto_priv.0
                0x80055310                lodepng_color_mode_copy
                0x800553b8                lodepng_color_mode_equal.lto_priv.0
                0x800554d8                lodepng_add_text_sized.lto_priv.0
                0x800556ac                lodepng_add_itext_sized.lto_priv.0
                0x800559c8                lodepng_info_cleanup
                0x80055b58                lodepng_convert
                0x80057588                lodepng_compute_color_stats
                0x80058ed8                Adam7_getpassvalues.lto_priv.0
                0x80059550                unfilter.lto_priv.0
                0x8005bba8                removePaddingBits.lto_priv.0
                0x8005bcb4                addChunk_PLTE.lto_priv.0
                0x8005bdb8                addChunk_tEXt.lto_priv.0
 .text          0x8005bf40     0xe3c8 C:\devkitPro\msys2\tmp\ccwWqsiM.ltrans7.ltrans.o
                0x8005c684                filterScanline.lto_priv.0
                0x8005d518                addUnknownChunks.lto_priv.0
                0x8005d7cc                parse_utf16_hex.lto_priv.0
                0x8005d980                json_object_dotget_value
                0x8005dcc4                json_value_free
                0x8005e4f8                parse_value.lto_priv.0
                0x8005ed9c                m_string_printf.constprop.0
                0x8005ee1c                level_archive_read_player.constprop.0
                0x8005f0b8                m_string_printf.constprop.1
                0x8005f138                recipe_match.constprop.0
                0x800605cc                inventory_collect.constprop.0
                0x80060f58                swap_endianness.part.0.constprop.0
                0x80060fb0                m_string_printf.constprop.2
                0x80061030                recipe_add.constprop.0
                0x800615e8                tex_gfx_load_file.constprop.0
                0x80061660                m_string_printf.constprop.3
                0x800616e0                lodepng_decode_memory.constprop.0
                0x800641e0                dict_wsection_init.constprop.0
                0x80064350                dict_entity_safe_get.constprop.0
                0x80064ae0                camera_update.constprop.0
                0x8006540c                world_bfs.constprop.0
                0x80065f00                camera_ray_pick.constprop.0
                0x80066844                world_get_block.constprop.0
                0x80066938                world_set_block.constprop.0
                0x80067470                particle_render.constprop.0
                0x80067a5c                gfx_draw_quads.constprop.0
                0x80067b14                gutil_clouds.constprop.0
                0x800688c8                gfx_draw_quads.constprop.1
                0x80068a40                gutil_text.constprop.0
                0x80068f50                gutil_texquad_rt_any.constprop.0
                0x80069120                gutil_sky_box.constprop.0
                0x80069a1c                preProcessScanlines.constprop.0
 .text          0x8006a308     0x9304 C:\devkitPro\msys2\tmp\ccwWqsiM.ltrans8.ltrans.o
                0x8006b990                generateFixedLitLenTree.constprop.0
                0x8006e070                config_read_int_array.constprop.0
                0x8006e1ac                get_quoted_string.constprop.0
                0x8006e590                gfx_fog.constprop.0
                0x8006e5dc                gfx_fog.constprop.1
                0x8006e660                lodepng_encode.constprop.0.isra.0
                0x80071394                server_local_spawn_item.constprop.0.isra.0
                0x800717c0                filter.isra.0
                0x800722d0                server_local_spawn_item.isra.0
                0x800727c8                region_archive_set_blocks.isra.0
                0x80072df4                lighting_update_at_block.isra.0
                0x800732d8                server_world_set_block.isra.0
 *fill*         0x8007360c       0x14 00000000
 .text          0x80073620      0x44c C:/devkitPro/libogc/lib/wii\libogc.a(lwp_handler.o)
                0x80073620                _cpu_context_save_fp
                0x80073760                _cpu_context_restore_fp
                0x800738a0                _cpu_context_switch
                0x80073980                _cpu_context_save
                0x80073a00                _cpu_context_restore
 .text          0x80073a6c      0x4f4 C:/devkitPro/libogc/lib/wii\libogc.a(cache_asm.o)
                0x80073a6c                DCFlashInvalidate
                0x80073a80                DCEnable
                0x80073a94                DCDisable
                0x80073aa8                DCFreeze
                0x80073abc                DCUnfreeze
                0x80073ad0                DCTouchLoad
                0x80073ad8                DCBlockZero
                0x80073ae0                DCBlockStore
                0x80073ae8                DCBlockFlush
                0x80073af0                DCBlockInvalidate
                0x80073af8                DCInvalidateRange
                0x80073b28                DCFlushRange
                0x80073b5c                DCStoreRange
                0x80073b90                DCFlushRangeNoSync
                0x80073bc0                DCStoreRangeNoSync
                0x80073bf0                DCZeroRange
                0x80073c20                DCTouchRange
                0x80073c50                ICInvalidateRange
                0x80073c88                ICFlashInvalidate
                0x80073c9c                ICEnable
                0x80073cb0                ICDisable
                0x80073cc4                ICFreeze
                0x80073cd8                ICUnfreeze
                0x80073cec                ICBlockInvalidate
                0x80073cf4                ICSync
                0x80073cfc                L2Init
                0x80073d44                L2Enable
                0x80073d60                L2Disable
                0x80073d78                L2GlobalInvalidate
                0x80073dd0                __LCEnable
                0x80073e9c                LCDisable
                0x80073ec4                LCAllocOneTag
                0x80073ed8                LCAllocTags
                0x80073f18                LCLoadBlocks
                0x80073f3c                LCStoreBlocks
 .text          0x80073f60      0x4a0 C:/devkitPro/libogc/lib/wii\libogc.a(system_asm.o)
                0x80073f60                __realmode
                0x80073f78                __configBATS
                0x800740a8                __InitFPRS
                0x800741d4                __InitPS
                0x80074230                __InitCache
                0x80074288                __InitSystem
                0x80074310                __flush_cache
                0x80074344                __reset
                0x800743b4                __InitBATS
                0x800743d0                SYS_SwitchFiber
 .text          0x80074400      0x1ac C:/devkitPro/libogc/lib/wii\libogc.a(irq_handler.o)
                0x80074400                irq_exceptionhandler
 .text          0x800745ac      0x1ac C:/devkitPro/libogc/lib/wii\libogc.a(decrementer_handler.o)
                0x800745ac                dec_exceptionhandler
 .text          0x80074758      0x35c C:/devkitPro/libogc/lib/wii\libogc.a(exception_handler.o)
                0x80074758                exceptionhandler_start
                0x800747d4                exceptionhandler_patch
                0x80074808                exceptionhandler_end
                0x8007480c                default_exceptionhandler
                0x8007493c                fpu_exceptionhandler
                0x80074a84                systemcallhandler_start
                0x80074ab0                systemcallhandler_end
 .text          0x80074ab4       0x48 C:/devkitPro/devkitPPC/bin/../lib/gcc/powerpc-eabi/14.2.0\libgcc.a(eabi.o)
                0x80074ab4                __eabi
 .text          0x80074afc       0x58 C:/devkitPro/devkitPPC/bin/../lib/gcc/powerpc-eabi/14.2.0\libgcc.a(crtresxfpr.o)
                0x80074afc                _restfpr_14_x
                0x80074b00                _restfpr_15_x
                0x80074b04                _restfpr_16_x
                0x80074b08                _restfpr_17_x
                0x80074b0c                _restfpr_18_x
                0x80074b10                _restfpr_19_x
                0x80074b14                _restfpr_20_x
                0x80074b18                _restfpr_21_x
                0x80074b1c                _restfpr_22_x
                0x80074b20                _restfpr_23_x
                0x80074b24                _restfpr_24_x
                0x80074b28                _restfpr_25_x
                0x80074b2c                _restfpr_26_x
                0x80074b30                _restfpr_27_x
                0x80074b34                _restfpr_28_x
                0x80074b38                _restfpr_29_x
                0x80074b3c                _restfpr_30_x
                0x80074b40                _restfpr_31_x
 .text          0x80074b54       0x58 C:/devkitPro/devkitPPC/bin/../lib/gcc/powerpc-eabi/14.2.0\libgcc.a(crtresxgpr.o)
                0x80074b54                _restgpr_14_x
                0x80074b58                _restgpr_15_x
                0x80074b5c                _restgpr_16_x
                0x80074b60                _restgpr_17_x
                0x80074b64                _restgpr_18_x
                0x80074b68                _restgpr_19_x
                0x80074b6c                _restgpr_20_x
                0x80074b70                _restgpr_21_x
                0x80074b74                _restgpr_22_x
                0x80074b78                _restgpr_23_x
                0x80074b7c                _restgpr_24_x
                0x80074b80                _restgpr_25_x
                0x80074b84                _restgpr_26_x
                0x80074b88                _restgpr_27_x
                0x80074b8c                _restgpr_28_x
                0x80074b90                _restgpr_29_x
                0x80074b94                _restgpr_30_x
                0x80074b98                _restgpr_31_x
 *(.text.*)
 .text.__do_global_dtors_aux
                0x80074bac       0xcc C:/devkitPro/devkitPPC/bin/../lib/gcc/powerpc-eabi/14.2.0/crtbegin.o
 .text.frame_dummy
                0x80074c78       0x24 C:/devkitPro/devkitPPC/bin/../lib/gcc/powerpc-eabi/14.2.0/crtbegin.o
 .text.__crtmain
                0x80074c9c       0x40 C:/devkitPro/devkitPPC/bin/../lib/gcc/powerpc-eabi/14.2.0/../../../../powerpc-eabi/lib/crtmain.o
                0x80074ca0                __crtmain
 .text.startup  0x80074cdc     0x54a8 C:\devkitPro\msys2\tmp\ccwWqsiM.ltrans0.ltrans.o
                0x80074cdc                main
 .text.__wpad_assign_slot
                0x8007a184      0x228 C:/devkitPro/libogc/lib/wii\libwiiuse.a(wpad.o)
                0x8007a184                __wpad_assign_slot
 .text.__wpad_def_powcb
                0x8007a3ac        0x4 C:/devkitPro/libogc/lib/wii\libwiiuse.a(wpad.o)
 .text.__readlinkkey_finished
                0x8007a3b0       0x34 C:/devkitPro/libogc/lib/wii\libwiiuse.a(wpad.o)
 .text.__wpad_patch_finished
                0x8007a3e4       0x2c C:/devkitPro/libogc/lib/wii\libwiiuse.a(wpad.o)
 .text.__wpad_setfmt
                0x8007a410      0x14c C:/devkitPro/libogc/lib/wii\libwiiuse.a(wpad.o)
 .text.__wpad_eventCB
                0x8007a55c      0xac4 C:/devkitPro/libogc/lib/wii\libwiiuse.a(wpad.o)
 .text.__wpad_disconnectCB
                0x8007b020       0xd4 C:/devkitPro/libogc/lib/wii\libwiiuse.a(wpad.o)
                0x8007b020                __wpad_disconnectCB
 .text.__wpad_timeouthandler
                0x8007b0f4       0xa8 C:/devkitPro/libogc/lib/wii\libwiiuse.a(wpad.o)
 .text.__initcore_finished
                0x8007b19c       0x48 C:/devkitPro/libogc/lib/wii\libwiiuse.a(wpad.o)
 .text.__wpad_init_finished
                0x8007b1e4      0x194 C:/devkitPro/libogc/lib/wii\libwiiuse.a(wpad.o)
 .text.WPAD_ReadEvent
                0x8007b378      0x688 C:/devkitPro/libogc/lib/wii\libwiiuse.a(wpad.o)
                0x8007b378                WPAD_ReadEvent
 .text.WPAD_ReadPending
                0x8007ba00      0x1a0 C:/devkitPro/libogc/lib/wii\libwiiuse.a(wpad.o)
                0x8007ba00                WPAD_ReadPending
 .text.WPAD_SetDataFormat
                0x8007bba0      0x188 C:/devkitPro/libogc/lib/wii\libwiiuse.a(wpad.o)
                0x8007bba0                WPAD_SetDataFormat
 .text.WPAD_SetVRes
                0x8007bd28      0x160 C:/devkitPro/libogc/lib/wii\libwiiuse.a(wpad.o)
                0x8007bd28                WPAD_SetVRes
 .text.WPAD_Shutdown
                0x8007be88      0x108 C:/devkitPro/libogc/lib/wii\libwiiuse.a(wpad.o)
                0x8007be88                WPAD_Shutdown
 .text.WPAD_Init
                0x8007bf90      0x2c4 C:/devkitPro/libogc/lib/wii\libwiiuse.a(wpad.o)
                0x8007bf90                WPAD_Init
 .text.__wpad_onreset
                0x8007c254       0x34 C:/devkitPro/libogc/lib/wii\libwiiuse.a(wpad.o)
 .text.WPAD_ScanPads
                0x8007c288       0x90 C:/devkitPro/libogc/lib/wii\libwiiuse.a(wpad.o)
                0x8007c288                WPAD_ScanPads
 .text.WPAD_ButtonsUp
                0x8007c318       0x28 C:/devkitPro/libogc/lib/wii\libwiiuse.a(wpad.o)
                0x8007c318                WPAD_ButtonsUp
 .text.WPAD_ButtonsDown
                0x8007c340       0x28 C:/devkitPro/libogc/lib/wii\libwiiuse.a(wpad.o)
                0x8007c340                WPAD_ButtonsDown
 .text.WPAD_ButtonsHeld
                0x8007c368       0x28 C:/devkitPro/libogc/lib/wii\libwiiuse.a(wpad.o)
                0x8007c368                WPAD_ButtonsHeld
 .text.WPAD_IR  0x8007c390       0x50 C:/devkitPro/libogc/lib/wii\libwiiuse.a(wpad.o)
                0x8007c390                WPAD_IR
 .text.WPAD_Expansion
                0x8007c3e0       0x50 C:/devkitPro/libogc/lib/wii\libwiiuse.a(wpad.o)
                0x8007c3e0                WPAD_Expansion
 .text.motion_plus_disconnected
                0x8007c430       0x10 C:/devkitPro/libogc/lib/wii\libwiiuse.a(motion_plus.o)
                0x8007c430                motion_plus_disconnected
 .text.motion_plus_event
                0x8007c440       0x64 C:/devkitPro/libogc/lib/wii\libwiiuse.a(motion_plus.o)
                0x8007c440                motion_plus_event
 .text.calculate_gforce
                0x8007c4a4      0x114 C:/devkitPro/libogc/lib/wii\libwiiuse.a(dynamics.o)
                0x8007c4a4                calculate_gforce
 .text.calc_joystick_state
                0x8007c5b8      0x210 C:/devkitPro/libogc/lib/wii\libwiiuse.a(dynamics.o)
                0x8007c5b8                calc_joystick_state
 .text.apply_smoothing
                0x8007c7c8      0x110 C:/devkitPro/libogc/lib/wii\libwiiuse.a(dynamics.o)
                0x8007c7c8                apply_smoothing
 .text.calculate_orientation
                0x8007c8d8      0x374 C:/devkitPro/libogc/lib/wii\libwiiuse.a(dynamics.o)
                0x8007c8d8                calculate_orientation
 .text.calc_balanceboard_state
                0x8007cc4c      0x3a4 C:/devkitPro/libogc/lib/wii\libwiiuse.a(dynamics.o)
                0x8007cc4c                calc_balanceboard_state
 .text.wiiuse_handshake
                0x8007cff0      0x27c C:/devkitPro/libogc/lib/wii\libwiiuse.a(io.o)
                0x8007cff0                wiiuse_handshake
 .text.wiiuse_handshake_expansion
                0x8007d26c      0x1f0 C:/devkitPro/libogc/lib/wii\libwiiuse.a(io.o)
                0x8007d26c                wiiuse_handshake_expansion
 .text.wiiuse_handshake_expansion_start
                0x8007d45c       0x5c C:/devkitPro/libogc/lib/wii\libwiiuse.a(io.o)
                0x8007d45c                wiiuse_handshake_expansion_start
 .text.wiiuse_disable_expansion
                0x8007d4b8      0x1b0 C:/devkitPro/libogc/lib/wii\libwiiuse.a(io.o)
                0x8007d4b8                wiiuse_disable_expansion
 .text.__wiiuse_connected
                0x8007d668       0x9c C:/devkitPro/libogc/lib/wii\libwiiuse.a(io_wii.o)
 .text.__wiiuse_disconnected
                0x8007d704       0xb4 C:/devkitPro/libogc/lib/wii\libwiiuse.a(io_wii.o)
 .text.__wiiuse_receive
                0x8007d7b8       0xd0 C:/devkitPro/libogc/lib/wii\libwiiuse.a(io_wii.o)
 .text.__wiiuse_sensorbar_enable
                0x8007d888       0x74 C:/devkitPro/libogc/lib/wii\libwiiuse.a(io_wii.o)
                0x8007d888                __wiiuse_sensorbar_enable
 .text.wiiuse_register
                0x8007d8fc       0xf0 C:/devkitPro/libogc/lib/wii\libwiiuse.a(io_wii.o)
                0x8007d8fc                wiiuse_register
 .text.wiiuse_disconnect
                0x8007d9ec       0x24 C:/devkitPro/libogc/lib/wii\libwiiuse.a(io_wii.o)
                0x8007d9ec                wiiuse_disconnect
 .text.wiiuse_init_cmd_queue
                0x8007da10       0x9c C:/devkitPro/libogc/lib/wii\libwiiuse.a(io_wii.o)
                0x8007da10                wiiuse_init_cmd_queue
 .text.wiiuse_io_write
                0x8007daac       0x1c C:/devkitPro/libogc/lib/wii\libwiiuse.a(io_wii.o)
                0x8007daac                wiiuse_io_write
 .text.rotate_dots
                0x8007dac8      0x13c C:/devkitPro/libogc/lib/wii\libwiiuse.a(ir.o)
 .text.wiiuse_set_ir_mode
                0x8007dc04       0x5c C:/devkitPro/libogc/lib/wii\libwiiuse.a(ir.o)
                0x8007dc04                wiiuse_set_ir_mode
 .text.wiiuse_set_ir
                0x8007dc60      0x270 C:/devkitPro/libogc/lib/wii\libwiiuse.a(ir.o)
                0x8007dc60                wiiuse_set_ir
 .text.wiiuse_set_ir_vres
                0x8007ded0       0x1c C:/devkitPro/libogc/lib/wii\libwiiuse.a(ir.o)
                0x8007ded0                wiiuse_set_ir_vres
 .text.wiiuse_set_ir_position
                0x8007deec       0x80 C:/devkitPro/libogc/lib/wii\libwiiuse.a(ir.o)
                0x8007deec                wiiuse_set_ir_position
 .text.wiiuse_set_aspect_ratio
                0x8007df6c       0xac C:/devkitPro/libogc/lib/wii\libwiiuse.a(ir.o)
                0x8007df6c                wiiuse_set_aspect_ratio
 .text.wiiuse_set_ir_sensitivity
                0x8007e018      0x180 C:/devkitPro/libogc/lib/wii\libwiiuse.a(ir.o)
                0x8007e018                wiiuse_set_ir_sensitivity
 .text.calculate_basic_ir
                0x8007e198       0xe8 C:/devkitPro/libogc/lib/wii\libwiiuse.a(ir.o)
                0x8007e198                calculate_basic_ir
 .text.calculate_extended_ir
                0x8007e280       0x64 C:/devkitPro/libogc/lib/wii\libwiiuse.a(ir.o)
                0x8007e280                calculate_extended_ir
 .text.find_sensorbar
                0x8007e2e4      0xaa0 C:/devkitPro/libogc/lib/wii\libwiiuse.a(ir.o)
                0x8007e2e4                find_sensorbar
 .text.apply_ir_smoothing
                0x8007ed84      0x124 C:/devkitPro/libogc/lib/wii\libwiiuse.a(ir.o)
                0x8007ed84                apply_ir_smoothing
 .text.interpret_ir_data
                0x8007eea8      0x3c8 C:/devkitPro/libogc/lib/wii\libwiiuse.a(ir.o)
                0x8007eea8                interpret_ir_data
 .text.nunchuk_handshake
                0x8007f270      0x31c C:/devkitPro/libogc/lib/wii\libwiiuse.a(nunchuk.o)
                0x8007f270                nunchuk_handshake
 .text.nunchuk_disconnected
                0x8007f58c        0xc C:/devkitPro/libogc/lib/wii\libwiiuse.a(nunchuk.o)
                0x8007f58c                nunchuk_disconnected
 .text.nunchuk_event
                0x8007f598       0xe8 C:/devkitPro/libogc/lib/wii\libwiiuse.a(nunchuk.o)
                0x8007f598                nunchuk_event
 .text.wii_board_handshake
                0x8007f680      0x284 C:/devkitPro/libogc/lib/wii\libwiiuse.a(wiiboard.o)
                0x8007f680                wii_board_handshake
 .text.wii_board_disconnected
                0x8007f904        0xc C:/devkitPro/libogc/lib/wii\libwiiuse.a(wiiboard.o)
                0x8007f904                wii_board_disconnected
 .text.wii_board_event
                0x8007f910       0x24 C:/devkitPro/libogc/lib/wii\libwiiuse.a(wiiboard.o)
                0x8007f910                wii_board_event
 .text.wiiuse_send_next_command
                0x8007f934       0x58 C:/devkitPro/libogc/lib/wii\libwiiuse.a(wiiuse.o)
                0x8007f934                wiiuse_send_next_command
 .text.wiiuse_init
                0x8007f98c      0x208 C:/devkitPro/libogc/lib/wii\libwiiuse.a(wiiuse.o)
                0x8007f98c                wiiuse_init
 .text.wiiuse_set_flags
                0x8007fb94       0x28 C:/devkitPro/libogc/lib/wii\libwiiuse.a(wiiuse.o)
                0x8007fb94                wiiuse_set_flags
 .text.wiiuse_read_data
                0x8007fbbc      0x154 C:/devkitPro/libogc/lib/wii\libwiiuse.a(wiiuse.o)
                0x8007fbbc                wiiuse_read_data
 .text.wiiuse_write_data
                0x8007fd10      0x18c C:/devkitPro/libogc/lib/wii\libwiiuse.a(wiiuse.o)
                0x8007fd10                wiiuse_write_data
 .text.wiiuse_sendcmd
                0x8007fe9c      0x144 C:/devkitPro/libogc/lib/wii\libwiiuse.a(wiiuse.o)
                0x8007fe9c                wiiuse_sendcmd
 .text.wiiuse_set_leds
                0x8007ffe0       0x50 C:/devkitPro/libogc/lib/wii\libwiiuse.a(wiiuse.o)
                0x8007ffe0                wiiuse_set_leds
 .text.wiiuse_set_report_type
                0x80080030       0xb0 C:/devkitPro/libogc/lib/wii\libwiiuse.a(wiiuse.o)
                0x80080030                wiiuse_set_report_type
 .text.wiiuse_status
                0x800800e0       0x4c C:/devkitPro/libogc/lib/wii\libwiiuse.a(wiiuse.o)
                0x800800e0                wiiuse_status
 .text.wiiuse_motion_sensing
                0x8008012c       0x84 C:/devkitPro/libogc/lib/wii\libwiiuse.a(wiiuse.o)
                0x8008012c                wiiuse_motion_sensing
 .text.wiiuse_set_speaker
                0x800801b0      0x24c C:/devkitPro/libogc/lib/wii\libwiiuse.a(speaker.o)
                0x800801b0                wiiuse_set_speaker
 .text.classic_ctrl_handshake
                0x800803fc      0x410 C:/devkitPro/libogc/lib/wii\libwiiuse.a(classic.o)
                0x800803fc                classic_ctrl_handshake
 .text.classic_ctrl_disconnected
                0x8008080c        0xc C:/devkitPro/libogc/lib/wii\libwiiuse.a(classic.o)
                0x8008080c                classic_ctrl_disconnected
 .text.classic_ctrl_event
                0x80080818      0x15c C:/devkitPro/libogc/lib/wii\libwiiuse.a(classic.o)
                0x80080818                classic_ctrl_event
 .text.handle_expansion
                0x80080974       0x54 C:/devkitPro/libogc/lib/wii\libwiiuse.a(events.o)
 .text.parse_event
                0x800809c8      0x730 C:/devkitPro/libogc/lib/wii\libwiiuse.a(events.o)
                0x800809c8                parse_event
 .text.guitar_hero_3_handshake
                0x800810f8       0x5c C:/devkitPro/libogc/lib/wii\libwiiuse.a(guitar_hero_3.o)
                0x800810f8                guitar_hero_3_handshake
 .text.guitar_hero_3_disconnected
                0x80081154        0xc C:/devkitPro/libogc/lib/wii\libwiiuse.a(guitar_hero_3.o)
                0x80081154                guitar_hero_3_disconnected
 .text.guitar_hero_3_event
                0x80081160       0x60 C:/devkitPro/libogc/lib/wii\libwiiuse.a(guitar_hero_3.o)
                0x80081160                guitar_hero_3_event
 .text.fatInitDefault
                0x800811c0       0x18 C:/devkitPro/libogc/lib/wii\libfat.a(fat_wrappers.o)
                0x800811c0                fatInitDefault
 .text.dvmInit  0x800811d8      0x130 C:/devkitPro/libogc/lib/wii\libfat.a(dvm_libogc.o)
                0x800811d8                dvmInit
 .text._dvmDiscWrapReadSectors
                0x80081308       0x1c C:/devkitPro/libogc/lib/wii\libfat.a(dvm_disc.o)
 .text._dvmDiscWrapWriteSectors
                0x80081324       0x1c C:/devkitPro/libogc/lib/wii\libfat.a(dvm_disc.o)
 .text._dvmDiscWrapFlush
                0x80081340        0x4 C:/devkitPro/libogc/lib/wii\libfat.a(dvm_disc.o)
 .text._dvmDiscWrapDestroy
                0x80081344        0x4 C:/devkitPro/libogc/lib/wii\libfat.a(dvm_disc.o)
 .text.dvmDiscCreate
                0x80081348       0xb8 C:/devkitPro/libogc/lib/wii\libfat.a(dvm_disc.o)
                0x80081348                dvmDiscCreate
 .text.dvmDiscAddUser
                0x80081400       0x10 C:/devkitPro/libogc/lib/wii\libfat.a(dvm_disc.o)
                0x80081400                dvmDiscAddUser
 .text.dvmDiscRemoveUser
                0x80081410       0x28 C:/devkitPro/libogc/lib/wii\libfat.a(dvm_disc.o)
                0x80081410                dvmDiscRemoveUser
 .text._dvmDiscCacheReadWrite
                0x80081438      0x55c C:/devkitPro/libogc/lib/wii\libfat.a(dvm_cache.o)
 .text._dvmDiscCacheWriteSectors
                0x80081994       0xa0 C:/devkitPro/libogc/lib/wii\libfat.a(dvm_cache.o)
 .text._dvmDiscCacheReadSectors
                0x80081a34       0xa0 C:/devkitPro/libogc/lib/wii\libfat.a(dvm_cache.o)
 .text._dvmDiscCacheFlush
                0x80081ad4      0x114 C:/devkitPro/libogc/lib/wii\libfat.a(dvm_cache.o)
 .text._dvmDiscCacheDestroy
                0x80081be8       0x48 C:/devkitPro/libogc/lib/wii\libfat.a(dvm_cache.o)
 .text.dvmDiscCacheCreate
                0x80081c30      0x1ec C:/devkitPro/libogc/lib/wii\libfat.a(dvm_cache.o)
                0x80081c30                dvmDiscCacheCreate
 .text.dvmMountVolume
                0x80081e1c      0x1fc C:/devkitPro/libogc/lib/wii\libfat.a(dvm_volume.o)
                0x80081e1c                dvmMountVolume
 .text._dvmSetAppWorkingDir
                0x80082018       0x8c C:/devkitPro/libogc/lib/wii\libfat.a(dvm_volume.o)
                0x80082018                _dvmSetAppWorkingDir
 .text._dvmIdentMbrVbr
                0x800820a4      0x15c C:/devkitPro/libogc/lib/wii\libfat.a(dvm_prober.o)
 .text._dvmReadPartitionTable
                0x80082200      0x22c C:/devkitPro/libogc/lib/wii\libfat.a(dvm_prober.o)
 .text.dvmProbeMountDisc
                0x8008242c      0x144 C:/devkitPro/libogc/lib/wii\libfat.a(dvm_prober.o)
                0x8008242c                dvmProbeMountDisc
 .text.dvmProbeMountDiscIface
                0x80082570       0xb8 C:/devkitPro/libogc/lib/wii\libfat.a(dvm_prober.o)
                0x80082570                dvmProbeMountDiscIface
 .text._FAT_fstat_r
                0x80082628       0xe0 C:/devkitPro/libogc/lib/wii\libfat.a(fat_driver.o)
 .text._FAT_umount
                0x80082708       0x34 C:/devkitPro/libogc/lib/wii\libfat.a(fat_driver.o)
 .text._FAT_mount
                0x8008273c       0x78 C:/devkitPro/libogc/lib/wii\libfat.a(fat_driver.o)
 .text._FAT_open_r
                0x800827b4      0x1a8 C:/devkitPro/libogc/lib/wii\libfat.a(fat_driver.o)
 .text._FAT_set_stat.isra.0
                0x8008295c      0x11c C:/devkitPro/libogc/lib/wii\libfat.a(fat_driver.o)
 .text._FAT_fsync_r
                0x80082a78       0xb4 C:/devkitPro/libogc/lib/wii\libfat.a(fat_driver.o)
 .text._FAT_close_r
                0x80082b2c       0xb4 C:/devkitPro/libogc/lib/wii\libfat.a(fat_driver.o)
 .text._FAT_dirclose_r
                0x80082be0       0xb4 C:/devkitPro/libogc/lib/wii\libfat.a(fat_driver.o)
 .text._FAT_dirreset_r
                0x80082c94       0xb8 C:/devkitPro/libogc/lib/wii\libfat.a(fat_driver.o)
 .text._FAT_read_r
                0x80082d4c       0x9c C:/devkitPro/libogc/lib/wii\libfat.a(fat_driver.o)
 .text._FAT_write_r
                0x80082de8       0x9c C:/devkitPro/libogc/lib/wii\libfat.a(fat_driver.o)
 .text._FAT_mkdir_r
                0x80082e84       0x90 C:/devkitPro/libogc/lib/wii\libfat.a(fat_driver.o)
 .text._FAT_chdir_r
                0x80082f14       0x90 C:/devkitPro/libogc/lib/wii\libfat.a(fat_driver.o)
 .text._FAT_unlink_r
                0x80082fa4       0x94 C:/devkitPro/libogc/lib/wii\libfat.a(fat_driver.o)
 .text._FAT_rmdir_r
                0x80083038       0x94 C:/devkitPro/libogc/lib/wii\libfat.a(fat_driver.o)
 .text._FAT_diropen_r
                0x800830cc       0xb0 C:/devkitPro/libogc/lib/wii\libfat.a(fat_driver.o)
 .text._FAT_stat_r
                0x8008317c       0xf0 C:/devkitPro/libogc/lib/wii\libfat.a(fat_driver.o)
 .text._FAT_rename_r
                0x8008326c       0xb8 C:/devkitPro/libogc/lib/wii\libfat.a(fat_driver.o)
 .text._FAT_ftruncate_r
                0x80083324      0x1ac C:/devkitPro/libogc/lib/wii\libfat.a(fat_driver.o)
 .text._FAT_dirnext_r
                0x800834d0      0x1a0 C:/devkitPro/libogc/lib/wii\libfat.a(fat_driver.o)
 .text._FAT_statvfs_r
                0x80083670      0x120 C:/devkitPro/libogc/lib/wii\libfat.a(fat_driver.o)
 .text._FAT_seek_r
                0x80083790      0x180 C:/devkitPro/libogc/lib/wii\libfat.a(fat_driver.o)
 .text.get_fattime
                0x80083910       0x8c C:/devkitPro/libogc/lib/wii\libfat.a(fat_driver.o)
                0x80083910                get_fattime
 .text.ff_mutex_create
                0x8008399c       0x28 C:/devkitPro/libogc/lib/wii\libfat.a(fat_driver.o)
                0x8008399c                ff_mutex_create
 .text.ff_mutex_delete
                0x800839c4        0x8 C:/devkitPro/libogc/lib/wii\libfat.a(fat_driver.o)
                0x800839c4                ff_mutex_delete
 .text.ff_mutex_take
                0x800839cc       0x64 C:/devkitPro/libogc/lib/wii\libfat.a(fat_driver.o)
                0x800839cc                ff_mutex_take
 .text.ff_mutex_give
                0x80083a30        0x8 C:/devkitPro/libogc/lib/wii\libfat.a(fat_driver.o)
                0x80083a30                ff_mutex_give
 .text.disk_initialize
                0x80083a38       0x24 C:/devkitPro/libogc/lib/wii\libfat.a(fat_driver.o)
                0x80083a38                disk_initialize
 .text.disk_status
                0x80083a5c       0x24 C:/devkitPro/libogc/lib/wii\libfat.a(fat_driver.o)
                0x80083a5c                disk_status
 .text.disk_read
                0x80083a80       0x44 C:/devkitPro/libogc/lib/wii\libfat.a(fat_driver.o)
                0x80083a80                disk_read
 .text.disk_write
                0x80083ac4       0x44 C:/devkitPro/libogc/lib/wii\libfat.a(fat_driver.o)
                0x80083ac4                disk_write
 .text.disk_ioctl
                0x80083b08       0x44 C:/devkitPro/libogc/lib/wii\libfat.a(fat_driver.o)
                0x80083b08                disk_ioctl
 .text.tchar2uni
                0x80083b4c       0xdc C:/devkitPro/libogc/lib/wii\libfat.a(ff.o)
 .text.sync_window
                0x80083c28       0xb0 C:/devkitPro/libogc/lib/wii\libfat.a(ff.o)
 .text.validate
                0x80083cd8       0xd4 C:/devkitPro/libogc/lib/wii\libfat.a(ff.o)
 .text.put_utf  0x80083dac      0x148 C:/devkitPro/libogc/lib/wii\libfat.a(ff.o)
 .text.dir_clear
                0x80083ef4       0xdc C:/devkitPro/libogc/lib/wii\libfat.a(ff.o)
 .text.get_fileinfo
                0x80083fd0      0x30c C:/devkitPro/libogc/lib/wii\libfat.a(ff.o)
 .text.sync_fs  0x800842dc      0x17c C:/devkitPro/libogc/lib/wii\libfat.a(ff.o)
 .text.move_window
                0x80084458       0xe8 C:/devkitPro/libogc/lib/wii\libfat.a(ff.o)
 .text.put_fat.part.0
                0x80084540      0x1d8 C:/devkitPro/libogc/lib/wii\libfat.a(ff.o)
 .text.get_fat.isra.0
                0x80084718      0x1a8 C:/devkitPro/libogc/lib/wii\libfat.a(ff.o)
 .text.remove_chain
                0x800848c0      0x1b4 C:/devkitPro/libogc/lib/wii\libfat.a(ff.o)
 .text.create_chain
                0x80084a74      0x2dc C:/devkitPro/libogc/lib/wii\libfat.a(ff.o)
 .text.dir_next
                0x80084d50      0x1e8 C:/devkitPro/libogc/lib/wii\libfat.a(ff.o)
 .text.dir_read
                0x80084f38      0x304 C:/devkitPro/libogc/lib/wii\libfat.a(ff.o)
 .text.dir_sdi  0x8008523c      0x1dc C:/devkitPro/libogc/lib/wii\libfat.a(ff.o)
 .text.dir_alloc
                0x80085418      0x16c C:/devkitPro/libogc/lib/wii\libfat.a(ff.o)
 .text.dir_remove
                0x80085584      0x1ac C:/devkitPro/libogc/lib/wii\libfat.a(ff.o)
 .text.dir_find
                0x80085730      0x3b0 C:/devkitPro/libogc/lib/wii\libfat.a(ff.o)
 .text.follow_path
                0x80085ae0      0x6e4 C:/devkitPro/libogc/lib/wii\libfat.a(ff.o)
 .text.dir_register
                0x800861c4      0x534 C:/devkitPro/libogc/lib/wii\libfat.a(ff.o)
 .text.check_fs
                0x800866f8      0x1d8 C:/devkitPro/libogc/lib/wii\libfat.a(ff.o)
 .text.mount_volume.part.0
                0x800868d0      0x4a8 C:/devkitPro/libogc/lib/wii\libfat.a(ff.o)
 .text.f_mount  0x80086d78       0xb4 C:/devkitPro/libogc/lib/wii\libfat.a(ff.o)
                0x80086d78                f_mount
 .text.f_umount
                0x80086e2c       0x3c C:/devkitPro/libogc/lib/wii\libfat.a(ff.o)
                0x80086e2c                f_umount
 .text.f_open   0x80086e68      0x3d8 C:/devkitPro/libogc/lib/wii\libfat.a(ff.o)
                0x80086e68                f_open
 .text.f_read   0x80087240      0x360 C:/devkitPro/libogc/lib/wii\libfat.a(ff.o)
                0x80087240                f_read
 .text.f_write  0x800875a0      0x434 C:/devkitPro/libogc/lib/wii\libfat.a(ff.o)
                0x800875a0                f_write
 .text.f_sync   0x800879d4      0x1c8 C:/devkitPro/libogc/lib/wii\libfat.a(ff.o)
                0x800879d4                f_sync
 .text.f_close  0x80087b9c       0x84 C:/devkitPro/libogc/lib/wii\libfat.a(ff.o)
                0x80087b9c                f_close
 .text.f_chdir  0x80087c20      0x138 C:/devkitPro/libogc/lib/wii\libfat.a(ff.o)
                0x80087c20                f_chdir
 .text.f_lseek  0x80087d58      0x374 C:/devkitPro/libogc/lib/wii\libfat.a(ff.o)
                0x80087d58                f_lseek
 .text.f_opendir
                0x800880cc      0x1a0 C:/devkitPro/libogc/lib/wii\libfat.a(ff.o)
                0x800880cc                f_opendir
 .text.f_closedir
                0x8008826c       0xd0 C:/devkitPro/libogc/lib/wii\libfat.a(ff.o)
                0x8008826c                f_closedir
 .text.f_readdir
                0x8008833c      0x118 C:/devkitPro/libogc/lib/wii\libfat.a(ff.o)
                0x8008833c                f_readdir
 .text.f_stat   0x80088454      0x154 C:/devkitPro/libogc/lib/wii\libfat.a(ff.o)
                0x80088454                f_stat
 .text.f_getfree
                0x800885a8      0x200 C:/devkitPro/libogc/lib/wii\libfat.a(ff.o)
                0x800885a8                f_getfree
 .text.f_truncate
                0x800887a8      0x20c C:/devkitPro/libogc/lib/wii\libfat.a(ff.o)
                0x800887a8                f_truncate
 .text.f_unlink
                0x800889b4      0x1f8 C:/devkitPro/libogc/lib/wii\libfat.a(ff.o)
                0x800889b4                f_unlink
 .text.f_mkdir  0x80088bac      0x310 C:/devkitPro/libogc/lib/wii\libfat.a(ff.o)
                0x80088bac                f_mkdir
 .text.f_rename
                0x80088ebc      0x2d8 C:/devkitPro/libogc/lib/wii\libfat.a(ff.o)
                0x80088ebc                f_rename
 .text.ff_uni2oem
                0x80089194       0x60 C:/devkitPro/libogc/lib/wii\libfat.a(ffunicode.o)
                0x80089194                ff_uni2oem
 .text.ff_oem2uni
                0x800891f4       0x40 C:/devkitPro/libogc/lib/wii\libfat.a(ffunicode.o)
                0x800891f4                ff_oem2uni
 .text.ff_wtoupper
                0x80089234      0x120 C:/devkitPro/libogc/lib/wii\libfat.a(ffunicode.o)
                0x80089234                ff_wtoupper
 .text.acl_wlp_completed
                0x80089354        0x8 C:/devkitPro/libogc/lib/wii\libbte.a(bte.o)
                0x80089354                acl_wlp_completed
 .text.bt_alarmhandler
                0x8008935c       0x58 C:/devkitPro/libogc/lib/wii\libbte.a(bte.o)
 .text.__bte_send_pending_request
                0x800893b4      0x108 C:/devkitPro/libogc/lib/wii\libbte.a(bte.o)
 .text.acl_conn_complete
                0x800894bc       0x2c C:/devkitPro/libogc/lib/wii\libbte.a(bte.o)
                0x800894bc                acl_conn_complete
 .text.l2cap_accepted
                0x800894e8      0x11c C:/devkitPro/libogc/lib/wii\libbte.a(bte.o)
                0x800894e8                l2cap_accepted
 .text.l2cap_disconnect_cfm
                0x80089604      0x190 C:/devkitPro/libogc/lib/wii\libbte.a(bte.o)
                0x80089604                l2cap_disconnect_cfm
 .text.bte_process_input
                0x80089794      0x11c C:/devkitPro/libogc/lib/wii\libbte.a(bte.o)
 .text.l2cap_disconnected_ind
                0x800898b0      0x194 C:/devkitPro/libogc/lib/wii\libbte.a(bte.o)
                0x800898b0                l2cap_disconnected_ind
 .text.__bte_shutdown_finished
                0x80089a44       0xdc C:/devkitPro/libogc/lib/wii\libbte.a(bte.o)
 .text.bte_hci_apply_patch_complete
                0x80089b20      0x164 C:/devkitPro/libogc/lib/wii\libbte.a(bte.o)
                0x80089b20                bte_hci_apply_patch_complete
 .text.bte_hci_patch_complete
                0x80089c84      0x370 C:/devkitPro/libogc/lib/wii\libbte.a(bte.o)
                0x80089c84                bte_hci_patch_complete
 .text.bte_hci_initcore_complete
                0x80089ff4      0x258 C:/devkitPro/libogc/lib/wii\libbte.a(bte.o)
                0x80089ff4                bte_hci_initcore_complete
 .text.bte_read_stored_link_key_complete
                0x8008a24c      0x268 C:/devkitPro/libogc/lib/wii\libbte.a(bte.o)
                0x8008a24c                bte_read_stored_link_key_complete
 .text.bte_hci_initcore_complete2
                0x8008a4b4      0x228 C:/devkitPro/libogc/lib/wii\libbte.a(bte.o)
 .text.bte_hci_initsub_complete
                0x8008a6dc      0x278 C:/devkitPro/libogc/lib/wii\libbte.a(bte.o)
                0x8008a6dc                bte_hci_initsub_complete
 .text.BTE_Init
                0x8008a954      0x138 C:/devkitPro/libogc/lib/wii\libbte.a(bte.o)
                0x8008a954                BTE_Init
 .text.BTE_Shutdown
                0x8008aa8c      0x100 C:/devkitPro/libogc/lib/wii\libbte.a(bte.o)
                0x8008aa8c                BTE_Shutdown
 .text.BTE_InitCore
                0x8008ab8c       0x8c C:/devkitPro/libogc/lib/wii\libbte.a(bte.o)
                0x8008ab8c                BTE_InitCore
 .text.BTE_ApplyPatch
                0x8008ac18       0xa4 C:/devkitPro/libogc/lib/wii\libbte.a(bte.o)
                0x8008ac18                BTE_ApplyPatch
 .text.BTE_InitSub
                0x8008acbc       0x90 C:/devkitPro/libogc/lib/wii\libbte.a(bte.o)
                0x8008acbc                BTE_InitSub
 .text.BTE_ReadStoredLinkKey
                0x8008ad4c       0x90 C:/devkitPro/libogc/lib/wii\libbte.a(bte.o)
                0x8008ad4c                BTE_ReadStoredLinkKey
 .text.BTE_SetDisconnectCallback
                0x8008addc        0x4 C:/devkitPro/libogc/lib/wii\libbte.a(bte.o)
                0x8008addc                BTE_SetDisconnectCallback
 .text.bte_new  0x8008ade0       0x54 C:/devkitPro/libogc/lib/wii\libbte.a(bte.o)
                0x8008ade0                bte_new
 .text.bte_registerdeviceasync
                0x8008ae34      0x158 C:/devkitPro/libogc/lib/wii\libbte.a(bte.o)
                0x8008ae34                bte_registerdeviceasync
 .text.bte_disconnect
                0x8008af8c       0xd8 C:/devkitPro/libogc/lib/wii\libbte.a(bte.o)
                0x8008af8c                bte_disconnect
 .text.bte_senddata
                0x8008b064      0x104 C:/devkitPro/libogc/lib/wii\libbte.a(bte.o)
                0x8008b064                bte_senddata
 .text.bte_arg  0x8008b168       0x38 C:/devkitPro/libogc/lib/wii\libbte.a(bte.o)
                0x8008b168                bte_arg
 .text.bte_received
                0x8008b1a0       0x38 C:/devkitPro/libogc/lib/wii\libbte.a(bte.o)
                0x8008b1a0                bte_received
 .text.bte_disconnected
                0x8008b1d8       0x38 C:/devkitPro/libogc/lib/wii\libbte.a(bte.o)
                0x8008b1d8                bte_disconnected
 .text.hci_get_link
                0x8008b210       0x84 C:/devkitPro/libogc/lib/wii\libbte.a(hci.o)
 .text.hci_init
                0x8008b294       0x7c C:/devkitPro/libogc/lib/wii\libbte.a(hci.o)
                0x8008b294                hci_init
 .text.hci_close
                0x8008b310       0xd0 C:/devkitPro/libogc/lib/wii\libbte.a(hci.o)
                0x8008b310                hci_close
 .text.hci_reset_all
                0x8008b3e0       0xa8 C:/devkitPro/libogc/lib/wii\libbte.a(hci.o)
                0x8008b3e0                hci_reset_all
 .text.hci_arg  0x8008b488        0xc C:/devkitPro/libogc/lib/wii\libbte.a(hci.o)
                0x8008b488                hci_arg
 .text.hci_cmd_complete
                0x8008b494        0xc C:/devkitPro/libogc/lib/wii\libbte.a(hci.o)
                0x8008b494                hci_cmd_complete
 .text.hci_connection_complete
                0x8008b4a0        0xc C:/devkitPro/libogc/lib/wii\libbte.a(hci.o)
                0x8008b4a0                hci_connection_complete
 .text.hci_wlp_complete
                0x8008b4ac        0xc C:/devkitPro/libogc/lib/wii\libbte.a(hci.o)
                0x8008b4ac                hci_wlp_complete
 .text.hci_reset
                0x8008b4b8       0xa8 C:/devkitPro/libogc/lib/wii\libbte.a(hci.o)
                0x8008b4b8                hci_reset
 .text.hci_read_buffer_size
                0x8008b560       0xa8 C:/devkitPro/libogc/lib/wii\libbte.a(hci.o)
                0x8008b560                hci_read_buffer_size
 .text.hci_read_bd_addr
                0x8008b608       0xa8 C:/devkitPro/libogc/lib/wii\libbte.a(hci.o)
                0x8008b608                hci_read_bd_addr
 .text.hci_read_local_version
                0x8008b6b0       0xa4 C:/devkitPro/libogc/lib/wii\libbte.a(hci.o)
                0x8008b6b0                hci_read_local_version
 .text.hci_read_local_features
                0x8008b754       0xa8 C:/devkitPro/libogc/lib/wii\libbte.a(hci.o)
                0x8008b754                hci_read_local_features
 .text.hci_read_stored_link_key
                0x8008b7fc       0xf8 C:/devkitPro/libogc/lib/wii\libbte.a(hci.o)
                0x8008b7fc                hci_read_stored_link_key
 .text.hci_write_page_timeout
                0x8008b8f4       0xcc C:/devkitPro/libogc/lib/wii\libbte.a(hci.o)
                0x8008b8f4                hci_write_page_timeout
 .text.hci_write_scan_enable
                0x8008b9c0       0xb8 C:/devkitPro/libogc/lib/wii\libbte.a(hci.o)
                0x8008b9c0                hci_write_scan_enable
 .text.hci_accecpt_conn_request
                0x8008ba78       0xdc C:/devkitPro/libogc/lib/wii\libbte.a(hci.o)
                0x8008ba78                hci_accecpt_conn_request
 .text.hci_write_local_name
                0x8008bb54       0xd4 C:/devkitPro/libogc/lib/wii\libbte.a(hci.o)
                0x8008bb54                hci_write_local_name
 .text.hci_write_pin_type
                0x8008bc28       0xb8 C:/devkitPro/libogc/lib/wii\libbte.a(hci.o)
                0x8008bc28                hci_write_pin_type
 .text.hci_write_inquiry_mode
                0x8008bce0       0xb8 C:/devkitPro/libogc/lib/wii\libbte.a(hci.o)
                0x8008bce0                hci_write_inquiry_mode
 .text.hci_write_page_scan_type
                0x8008bd98       0xb8 C:/devkitPro/libogc/lib/wii\libbte.a(hci.o)
                0x8008bd98                hci_write_page_scan_type
 .text.hci_write_inquiry_scan_type
                0x8008be50       0xb8 C:/devkitPro/libogc/lib/wii\libbte.a(hci.o)
                0x8008be50                hci_write_inquiry_scan_type
 .text.hci_vendor_specific_command
                0x8008bf08       0xe4 C:/devkitPro/libogc/lib/wii\libbte.a(hci.o)
                0x8008bf08                hci_vendor_specific_command
 .text.hci_write_link_policy_settings
                0x8008bfec      0x100 C:/devkitPro/libogc/lib/wii\libbte.a(hci.o)
                0x8008bfec                hci_write_link_policy_settings
 .text.hci_pin_code_request_neg_reply
                0x8008c0ec       0xc8 C:/devkitPro/libogc/lib/wii\libbte.a(hci.o)
                0x8008c0ec                hci_pin_code_request_neg_reply
 .text.hci_link_key_req_neg_reply
                0x8008c1b4       0xc8 C:/devkitPro/libogc/lib/wii\libbte.a(hci.o)
                0x8008c1b4                hci_link_key_req_neg_reply
 .text.hci_disconnect
                0x8008c27c       0xf8 C:/devkitPro/libogc/lib/wii\libbte.a(hci.o)
                0x8008c27c                hci_disconnect
 .text.hci_write_cod
                0x8008c374       0xc8 C:/devkitPro/libogc/lib/wii\libbte.a(hci.o)
                0x8008c374                hci_write_cod
 .text.hci_host_buffer_size
                0x8008c43c      0x108 C:/devkitPro/libogc/lib/wii\libbte.a(hci.o)
                0x8008c43c                hci_host_buffer_size
 .text.hci_host_num_comp_packets
                0x8008c544      0x104 C:/devkitPro/libogc/lib/wii\libbte.a(hci.o)
                0x8008c544                hci_host_num_comp_packets
 .text.lp_pdu_maxsize
                0x8008c648        0xc C:/devkitPro/libogc/lib/wii\libbte.a(hci.o)
                0x8008c648                lp_pdu_maxsize
 .text.lp_acl_write
                0x8008c654      0x154 C:/devkitPro/libogc/lib/wii\libbte.a(hci.o)
                0x8008c654                lp_acl_write
 .text.lp_write_flush_timeout
                0x8008c7a8      0x100 C:/devkitPro/libogc/lib/wii\libbte.a(hci.o)
                0x8008c7a8                lp_write_flush_timeout
 .text.hci_event_handler
                0x8008c8a8      0xc78 C:/devkitPro/libogc/lib/wii\libbte.a(hci.o)
                0x8008c8a8                hci_event_handler
 .text.hci_acldata_handler
                0x8008d520      0x118 C:/devkitPro/libogc/lib/wii\libbte.a(hci.o)
                0x8008d520                hci_acldata_handler
 .text.l2cap_init
                0x8008d638       0x60 C:/devkitPro/libogc/lib/wii\libbte.a(l2cap.o)
                0x8008d638                l2cap_init
 .text.l2cap_write
                0x8008d698      0x1a0 C:/devkitPro/libogc/lib/wii\libbte.a(l2cap.o)
                0x8008d698                l2cap_write
 .text.l2cap_new
                0x8008d838       0x60 C:/devkitPro/libogc/lib/wii\libbte.a(l2cap.o)
                0x8008d838                l2cap_new
 .text.l2cap_close
                0x8008d898      0x1c0 C:/devkitPro/libogc/lib/wii\libbte.a(l2cap.o)
                0x8008d898                l2cap_close
 .text.l2cap_reset_all
                0x8008da58      0x148 C:/devkitPro/libogc/lib/wii\libbte.a(l2cap.o)
                0x8008da58                l2cap_reset_all
 .text.l2cap_signal
                0x8008dba0      0x204 C:/devkitPro/libogc/lib/wii\libbte.a(l2cap.o)
                0x8008dba0                l2cap_signal
 .text.l2ca_config_req
                0x8008dda4      0x154 C:/devkitPro/libogc/lib/wii\libbte.a(l2cap.o)
                0x8008dda4                l2ca_config_req
 .text.l2ca_disconnect_req
                0x8008def8       0xcc C:/devkitPro/libogc/lib/wii\libbte.a(l2cap.o)
                0x8008def8                l2ca_disconnect_req
 .text.l2cap_tmr
                0x8008dfc4      0x260 C:/devkitPro/libogc/lib/wii\libbte.a(l2cap.o)
                0x8008dfc4                l2cap_tmr
 .text.l2cap_process_sig
                0x8008e224     0x1318 C:/devkitPro/libogc/lib/wii\libbte.a(l2cap.o)
                0x8008e224                l2cap_process_sig
 .text.l2cap_input
                0x8008f53c      0x584 C:/devkitPro/libogc/lib/wii\libbte.a(l2cap.o)
                0x8008f53c                l2cap_input
 .text.l2ca_datawrite
                0x8008fac0      0x128 C:/devkitPro/libogc/lib/wii\libbte.a(l2cap.o)
                0x8008fac0                l2ca_datawrite
 .text.lp_connect_cfm
                0x8008fbe8      0x184 C:/devkitPro/libogc/lib/wii\libbte.a(l2cap.o)
                0x8008fbe8                lp_connect_cfm
 .text.lp_connect_ind
                0x8008fd6c        0x4 C:/devkitPro/libogc/lib/wii\libbte.a(l2cap.o)
                0x8008fd6c                lp_connect_ind
 .text.lp_disconnect_ind
                0x8008fd70      0x124 C:/devkitPro/libogc/lib/wii\libbte.a(l2cap.o)
                0x8008fd70                lp_disconnect_ind
 .text.l2cap_disconnect_bb
                0x8008fe94       0x10 C:/devkitPro/libogc/lib/wii\libbte.a(l2cap.o)
                0x8008fe94                l2cap_disconnect_bb
 .text.l2cap_arg
                0x8008fea4        0x8 C:/devkitPro/libogc/lib/wii\libbte.a(l2cap.o)
                0x8008fea4                l2cap_arg
 .text.l2cap_connect_ind
                0x8008feac      0x100 C:/devkitPro/libogc/lib/wii\libbte.a(l2cap.o)
                0x8008feac                l2cap_connect_ind
 .text.l2cap_disconnect_ind
                0x8008ffac        0x8 C:/devkitPro/libogc/lib/wii\libbte.a(l2cap.o)
                0x8008ffac                l2cap_disconnect_ind
 .text.l2cap_recv
                0x8008ffb4        0x8 C:/devkitPro/libogc/lib/wii\libbte.a(l2cap.o)
                0x8008ffb4                l2cap_recv
 .text.btmemb_init
                0x8008ffbc       0x24 C:/devkitPro/libogc/lib/wii\libbte.a(btmemb.o)
                0x8008ffbc                btmemb_init
 .text.btmemb_alloc
                0x8008ffe0       0x98 C:/devkitPro/libogc/lib/wii\libbte.a(btmemb.o)
                0x8008ffe0                btmemb_alloc
 .text.btmemb_free
                0x80090078       0xe0 C:/devkitPro/libogc/lib/wii\libbte.a(btmemb.o)
                0x80090078                btmemb_free
 .text.plug_holes
                0x80090158       0xac C:/devkitPro/libogc/lib/wii\libbte.a(btmemr.o)
 .text.btmemr_init
                0x80090204       0xa4 C:/devkitPro/libogc/lib/wii\libbte.a(btmemr.o)
                0x80090204                btmemr_init
 .text.btmemr_malloc
                0x800902a8      0x180 C:/devkitPro/libogc/lib/wii\libbte.a(btmemr.o)
                0x800902a8                btmemr_malloc
 .text.btmemr_free
                0x80090428       0x98 C:/devkitPro/libogc/lib/wii\libbte.a(btmemr.o)
                0x80090428                btmemr_free
 .text.btmemr_realloc
                0x800904c0      0x108 C:/devkitPro/libogc/lib/wii\libbte.a(btmemr.o)
                0x800904c0                btmemr_realloc
 .text.btpbuf_init
                0x800905c8       0x28 C:/devkitPro/libogc/lib/wii\libbte.a(btpbuf.o)
                0x800905c8                btpbuf_init
 .text.btpbuf_free
                0x800905f0      0x104 C:/devkitPro/libogc/lib/wii\libbte.a(btpbuf.o)
                0x800905f0                btpbuf_free
 .text.btpbuf_alloc
                0x800906f4      0x224 C:/devkitPro/libogc/lib/wii\libbte.a(btpbuf.o)
                0x800906f4                btpbuf_alloc
 .text.btpbuf_realloc
                0x80090918      0x110 C:/devkitPro/libogc/lib/wii\libbte.a(btpbuf.o)
                0x80090918                btpbuf_realloc
 .text.btpbuf_header
                0x80090a28       0x84 C:/devkitPro/libogc/lib/wii\libbte.a(btpbuf.o)
                0x80090a28                btpbuf_header
 .text.btpbuf_ref
                0x80090aac       0x48 C:/devkitPro/libogc/lib/wii\libbte.a(btpbuf.o)
                0x80090aac                btpbuf_ref
 .text.btpbuf_chain
                0x80090af4       0x9c C:/devkitPro/libogc/lib/wii\libbte.a(btpbuf.o)
                0x80090af4                btpbuf_chain
 .text.btpbuf_dechain
                0x80090b90       0x7c C:/devkitPro/libogc/lib/wii\libbte.a(btpbuf.o)
                0x80090b90                btpbuf_dechain
 .text.btpbuf_take
                0x80090c0c      0x13c C:/devkitPro/libogc/lib/wii\libbte.a(btpbuf.o)
                0x80090c0c                btpbuf_take
 .text.__usb_closeCB
                0x80090d48       0x10 C:/devkitPro/libogc/lib/wii\libbte.a(physbusif.o)
 .text.__writebulkmsgCB
                0x80090d58       0x3c C:/devkitPro/libogc/lib/wii\libbte.a(physbusif.o)
 .text.__writectrlmsgCB
                0x80090d94       0x3c C:/devkitPro/libogc/lib/wii\libbte.a(physbusif.o)
 .text.__issue_intrread.part.0
                0x80090dd0       0x80 C:/devkitPro/libogc/lib/wii\libbte.a(physbusif.o)
 .text.__readintrdataCB
                0x80090e50      0x148 C:/devkitPro/libogc/lib/wii\libbte.a(physbusif.o)
 .text.__issue_bulkread.part.0
                0x80090f98       0x80 C:/devkitPro/libogc/lib/wii\libbte.a(physbusif.o)
 .text.__readbulkdataCB
                0x80091018      0x148 C:/devkitPro/libogc/lib/wii\libbte.a(physbusif.o)
 .text.physbusif_init
                0x80091160      0x1ec C:/devkitPro/libogc/lib/wii\libbte.a(physbusif.o)
                0x80091160                physbusif_init
 .text.physbusif_close
                0x8009134c       0x20 C:/devkitPro/libogc/lib/wii\libbte.a(physbusif.o)
                0x8009134c                physbusif_close
 .text.physbusif_shutdown
                0x8009136c       0x24 C:/devkitPro/libogc/lib/wii\libbte.a(physbusif.o)
                0x8009136c                physbusif_shutdown
 .text.physbusif_reset_all
                0x80091390        0x4 C:/devkitPro/libogc/lib/wii\libbte.a(physbusif.o)
                0x80091390                physbusif_reset_all
 .text.physbusif_output
                0x80091394      0x1e8 C:/devkitPro/libogc/lib/wii\libbte.a(physbusif.o)
                0x80091394                physbusif_output
 .text.__lwp_queue_initialize
                0x8009157c       0x98 C:/devkitPro/libogc/lib/wii\libogc.a(lwp_queue.o)
                0x8009157c                __lwp_queue_initialize
 .text.__lwp_queue_get
                0x80091614       0x74 C:/devkitPro/libogc/lib/wii\libogc.a(lwp_queue.o)
                0x80091614                __lwp_queue_get
 .text.__lwp_queue_append
                0x80091688       0x4c C:/devkitPro/libogc/lib/wii\libogc.a(lwp_queue.o)
                0x80091688                __lwp_queue_append
 .text.__lwp_queue_insert
                0x800916d4       0x48 C:/devkitPro/libogc/lib/wii\libogc.a(lwp_queue.o)
                0x800916d4                __lwp_queue_insert
 .text.__syscall_getreent
                0x8009171c       0x24 C:/devkitPro/libogc/lib/wii\libogc.a(lwp_threads.o)
                0x8009171c                __syscall_getreent
 .text.__lwp_isr_in_progress
                0x80091740        0x8 C:/devkitPro/libogc/lib/wii\libogc.a(lwp_threads.o)
                0x80091740                __lwp_isr_in_progress
 .text.__thread_dispatch_fp
                0x80091748       0x88 C:/devkitPro/libogc/lib/wii\libogc.a(lwp_threads.o)
                0x80091748                __thread_dispatch_fp
 .text.__thread_dispatch
                0x800917d0       0xf4 C:/devkitPro/libogc/lib/wii\libogc.a(lwp_threads.o)
                0x800917d0                __thread_dispatch
 .text.__lwp_thread_resettimeslice
                0x800918c4       0xb4 C:/devkitPro/libogc/lib/wii\libogc.a(lwp_threads.o)
                0x800918c4                __lwp_thread_resettimeslice
 .text.__lwp_thread_tickle_timeslice
                0x80091978       0xc8 C:/devkitPro/libogc/lib/wii\libogc.a(lwp_threads.o)
                0x80091978                __lwp_thread_tickle_timeslice
 .text.__lwp_thread_setstate
                0x80091a40      0x16c C:/devkitPro/libogc/lib/wii\libogc.a(lwp_threads.o)
                0x80091a40                __lwp_thread_setstate
 .text.__lwp_thread_clearstate
                0x80091bac       0xe4 C:/devkitPro/libogc/lib/wii\libogc.a(lwp_threads.o)
                0x80091bac                __lwp_thread_clearstate
 .text.__lwp_thread_delayended
                0x80091c90       0x48 C:/devkitPro/libogc/lib/wii\libogc.a(lwp_threads.o)
                0x80091c90                __lwp_thread_delayended
 .text.__lwp_thread_suspend
                0x80091cd8      0x17c C:/devkitPro/libogc/lib/wii\libogc.a(lwp_threads.o)
                0x80091cd8                __lwp_thread_suspend
 .text.__lwp_thread_settransient
                0x80091e54       0xb4 C:/devkitPro/libogc/lib/wii\libogc.a(lwp_threads.o)
                0x80091e54                __lwp_thread_settransient
 .text.__lwp_thread_changepriority
                0x80091f08      0x1f8 C:/devkitPro/libogc/lib/wii\libogc.a(lwp_threads.o)
                0x80091f08                __lwp_thread_changepriority
 .text.__lwp_thread_resume
                0x80092100      0x12c C:/devkitPro/libogc/lib/wii\libogc.a(lwp_threads.o)
                0x80092100                __lwp_thread_resume
 .text.__lwp_thread_ready
                0x8009222c       0xf0 C:/devkitPro/libogc/lib/wii\libogc.a(lwp_threads.o)
                0x8009222c                __lwp_thread_ready
 .text.__lwp_thread_init
                0x8009231c      0x160 C:/devkitPro/libogc/lib/wii\libogc.a(lwp_threads.o)
                0x8009231c                __lwp_thread_init
 .text.__lwp_thread_close
                0x8009247c      0x144 C:/devkitPro/libogc/lib/wii\libogc.a(lwp_threads.o)
                0x8009247c                __lwp_thread_close
 .text.__lwp_thread_handler
                0x800925c0       0xc0 C:/devkitPro/libogc/lib/wii\libogc.a(lwp_threads.o)
 .text.__lwp_thread_closeall
                0x80092680       0xb0 C:/devkitPro/libogc/lib/wii\libogc.a(lwp_threads.o)
                0x80092680                __lwp_thread_closeall
 .text.__lwp_thread_start
                0x80092730      0x150 C:/devkitPro/libogc/lib/wii\libogc.a(lwp_threads.o)
                0x80092730                __lwp_thread_start
 .text.__lwp_thread_startmultitasking
                0x80092880       0xac C:/devkitPro/libogc/lib/wii\libogc.a(lwp_threads.o)
                0x80092880                __lwp_thread_startmultitasking
 .text.__lwp_thread_stopmultitasking
                0x8009292c       0x58 C:/devkitPro/libogc/lib/wii\libogc.a(lwp_threads.o)
                0x8009292c                __lwp_thread_stopmultitasking
 .text.__lwp_thread_coreinit
                0x80092984       0xc4 C:/devkitPro/libogc/lib/wii\libogc.a(lwp_threads.o)
                0x80092984                __lwp_thread_coreinit
 .text.idle_func
                0x80092a48        0x4 C:/devkitPro/libogc/lib/wii\libogc.a(lwp.o)
 .text.__lwp_sysinit
                0x80092a4c      0x114 C:/devkitPro/libogc/lib/wii\libogc.a(lwp.o)
                0x80092a4c                __lwp_sysinit
 .text.LWP_CreateThread
                0x80092b60      0x1b0 C:/devkitPro/libogc/lib/wii\libogc.a(lwp.o)
                0x80092b60                LWP_CreateThread
 .text.LWP_SuspendThread
                0x80092d10       0xc8 C:/devkitPro/libogc/lib/wii\libogc.a(lwp.o)
                0x80092d10                LWP_SuspendThread
 .text.LWP_ResumeThread
                0x80092dd8       0xcc C:/devkitPro/libogc/lib/wii\libogc.a(lwp.o)
                0x80092dd8                LWP_ResumeThread
 .text.LWP_GetSelf
                0x80092ea4       0x28 C:/devkitPro/libogc/lib/wii\libogc.a(lwp.o)
                0x80092ea4                LWP_GetSelf
 .text.LWP_InitQueue
                0x80092ecc      0x148 C:/devkitPro/libogc/lib/wii\libogc.a(lwp.o)
                0x80092ecc                LWP_InitQueue
 .text.LWP_CloseQueue
                0x80093014       0xd4 C:/devkitPro/libogc/lib/wii\libogc.a(lwp.o)
                0x80093014                LWP_CloseQueue
 .text.LWP_ThreadSleep
                0x800930e8       0xf8 C:/devkitPro/libogc/lib/wii\libogc.a(lwp.o)
                0x800930e8                LWP_ThreadSleep
 .text.LWP_ThreadBroadcast
                0x800931e0       0x88 C:/devkitPro/libogc/lib/wii\libogc.a(lwp.o)
                0x800931e0                LWP_ThreadBroadcast
 .text.LWP_ThreadSignal
                0x80093268       0x74 C:/devkitPro/libogc/lib/wii\libogc.a(lwp.o)
                0x80093268                LWP_ThreadSignal
 .text.__lwp_stack_allocate
                0x800932dc       0x60 C:/devkitPro/libogc/lib/wii\libogc.a(lwp_stack.o)
                0x800932dc                __lwp_stack_allocate
 .text.__lwp_stack_free
                0x8009333c       0x1c C:/devkitPro/libogc/lib/wii\libogc.a(lwp_stack.o)
                0x8009333c                __lwp_stack_free
 .text.__lwp_wd_settimer
                0x80093358       0xdc C:/devkitPro/libogc/lib/wii\libogc.a(lwp_watchdog.o)
 .text.__lwp_watchdog_init
                0x80093434       0x2c C:/devkitPro/libogc/lib/wii\libogc.a(lwp_watchdog.o)
                0x80093434                __lwp_watchdog_init
 .text.__lwp_wd_insert
                0x80093460      0x19c C:/devkitPro/libogc/lib/wii\libogc.a(lwp_watchdog.o)
                0x80093460                __lwp_wd_insert
 .text.__lwp_wd_remove
                0x800935fc      0x138 C:/devkitPro/libogc/lib/wii\libogc.a(lwp_watchdog.o)
                0x800935fc                __lwp_wd_remove
 .text.__lwp_wd_tickle
                0x80093734      0x120 C:/devkitPro/libogc/lib/wii\libogc.a(lwp_watchdog.o)
                0x80093734                __lwp_wd_tickle
 .text.__lwp_wkspace_init
                0x80093854       0xc0 C:/devkitPro/libogc/lib/wii\libogc.a(lwp_wkspace.o)
                0x80093854                __lwp_wkspace_init
 .text.__lwp_objmgr_initinfo
                0x80093914      0x1a0 C:/devkitPro/libogc/lib/wii\libogc.a(lwp_objmgr.o)
                0x80093914                __lwp_objmgr_initinfo
 .text.__lwp_objmgr_getisrdisable
                0x80093ab4       0x60 C:/devkitPro/libogc/lib/wii\libogc.a(lwp_objmgr.o)
                0x80093ab4                __lwp_objmgr_getisrdisable
 .text.__lwp_objmgr_getnoprotection
                0x80093b14       0x24 C:/devkitPro/libogc/lib/wii\libogc.a(lwp_objmgr.o)
                0x80093b14                __lwp_objmgr_getnoprotection
 .text.__lwp_objmgr_get
                0x80093b38       0x6c C:/devkitPro/libogc/lib/wii\libogc.a(lwp_objmgr.o)
                0x80093b38                __lwp_objmgr_get
 .text.__lwp_objmgr_allocate
                0x80093ba4       0x88 C:/devkitPro/libogc/lib/wii\libogc.a(lwp_objmgr.o)
                0x80093ba4                __lwp_objmgr_allocate
 .text.__lwp_objmgr_free
                0x80093c2c       0x60 C:/devkitPro/libogc/lib/wii\libogc.a(lwp_objmgr.o)
                0x80093c2c                __lwp_objmgr_free
 .text.__lwp_heap_init
                0x80093c8c       0xa4 C:/devkitPro/libogc/lib/wii\libogc.a(lwp_heap.o)
                0x80093c8c                __lwp_heap_init
 .text.__lwp_heap_allocate
                0x80093d30      0x160 C:/devkitPro/libogc/lib/wii\libogc.a(lwp_heap.o)
                0x80093d30                __lwp_heap_allocate
 .text.__lwp_heap_free
                0x80093e90      0x188 C:/devkitPro/libogc/lib/wii\libogc.a(lwp_heap.o)
                0x80093e90                __lwp_heap_free
 .text.__SetInterrupts
                0x80094018      0x268 C:/devkitPro/libogc/lib/wii\libogc.a(irq.o)
 .text.c_irqdispatcher
                0x80094280      0x268 C:/devkitPro/libogc/lib/wii\libogc.a(irq.o)
                0x80094280                c_irqdispatcher
 .text.__UnmaskIrq
                0x800944e8       0x84 C:/devkitPro/libogc/lib/wii\libogc.a(irq.o)
                0x800944e8                __UnmaskIrq
 .text.__MaskIrq
                0x8009456c       0x84 C:/devkitPro/libogc/lib/wii\libogc.a(irq.o)
                0x8009456c                __MaskIrq
 .text.__irq_init
                0x800945f0       0x84 C:/devkitPro/libogc/lib/wii\libogc.a(irq.o)
                0x800945f0                __irq_init
 .text.IRQ_Request
                0x80094674       0x50 C:/devkitPro/libogc/lib/wii\libogc.a(irq.o)
                0x80094674                IRQ_Request
 .text.IRQ_GetHandler
                0x800946c4       0x44 C:/devkitPro/libogc/lib/wii\libogc.a(irq.o)
                0x800946c4                IRQ_GetHandler
 .text.IRQ_Disable
                0x80094708       0x1c C:/devkitPro/libogc/lib/wii\libogc.a(irq.o)
                0x80094708                IRQ_Disable
 .text.IRQ_Restore
                0x80094724       0x1c C:/devkitPro/libogc/lib/wii\libogc.a(irq.o)
                0x80094724                IRQ_Restore
 .text.__VISendI2CData.constprop.0.isra.0
                0x80094740      0x428 C:/devkitPro/libogc/lib/wii\libogc.a(video.o)
 .text.__setFbbRegs.constprop.0
                0x80094b68      0x190 C:/devkitPro/libogc/lib/wii\libogc.a(video.o)
 .text.__VISetYUVSEL
                0x80094cf8       0xb8 C:/devkitPro/libogc/lib/wii\libogc.a(video.o)
 .text.VIDEO_Configure
                0x80094db0      0x600 C:/devkitPro/libogc/lib/wii\libogc.a(video.o)
                0x80094db0                VIDEO_Configure
 .text.VIDEO_WaitVSync
                0x800953b0       0x74 C:/devkitPro/libogc/lib/wii\libogc.a(video.o)
                0x800953b0                VIDEO_WaitVSync
 .text.VIDEO_SetFramebuffer
                0x80095424       0xd0 C:/devkitPro/libogc/lib/wii\libogc.a(video.o)
                0x80095424                VIDEO_SetFramebuffer
 .text.VIDEO_SetNextFramebuffer
                0x800954f4       0x70 C:/devkitPro/libogc/lib/wii\libogc.a(video.o)
                0x800954f4                VIDEO_SetNextFramebuffer
 .text.VIDEO_Flush
                0x80095564       0xf4 C:/devkitPro/libogc/lib/wii\libogc.a(video.o)
                0x80095564                VIDEO_Flush
 .text.VIDEO_SetBlack
                0x80095658      0x15c C:/devkitPro/libogc/lib/wii\libogc.a(video.o)
                0x80095658                VIDEO_SetBlack
 .text.VIDEO_GetCurrentTvMode
                0x800957b4       0x78 C:/devkitPro/libogc/lib/wii\libogc.a(video.o)
                0x800957b4                VIDEO_GetCurrentTvMode
 .text.__VIRetraceHandler
                0x8009582c      0x284 C:/devkitPro/libogc/lib/wii\libogc.a(video.o)
 .text.__VISetupEncoder
                0x80095ab0      0x288 C:/devkitPro/libogc/lib/wii\libogc.a(video.o)
 .text.VIDEO_Init
                0x80095d38      0x3cc C:/devkitPro/libogc/lib/wii\libogc.a(video.o)
                0x80095d38                VIDEO_Init
 .text.VIDEO_GetPreferredMode
                0x80096104      0x108 C:/devkitPro/libogc/lib/wii\libogc.a(video.o)
                0x80096104                VIDEO_GetPreferredMode
 .text.VIDEO_GetCurrentLine
                0x8009620c       0xa0 C:/devkitPro/libogc/lib/wii\libogc.a(video.o)
                0x8009620c                VIDEO_GetCurrentLine
 .text.VIDEO_SetPreRetraceCallback
                0x800962ac       0x40 C:/devkitPro/libogc/lib/wii\libogc.a(video.o)
                0x800962ac                VIDEO_SetPreRetraceCallback
 .text.VIDEO_GetFrameBufferSize
                0x800962ec       0x34 C:/devkitPro/libogc/lib/wii\libogc.a(video.o)
                0x800962ec                VIDEO_GetFrameBufferSize
 .text.__call_resetfuncs
                0x80096320       0xbc C:/devkitPro/libogc/lib/wii\libogc.a(system.o)
 .text.__MEMInterruptHandler
                0x800963dc       0x14 C:/devkitPro/libogc/lib/wii\libogc.a(system.o)
 .text.__RSWDefaultHandler
                0x800963f0        0x4 C:/devkitPro/libogc/lib/wii\libogc.a(system.o)
 .text.__POWDefaultHandler
                0x800963f4        0x4 C:/devkitPro/libogc/lib/wii\libogc.a(system.o)
 .text.__STMEventHandler
                0x800963f8      0x104 C:/devkitPro/libogc/lib/wii\libogc.a(system.o)
 .text.__getrtc
                0x800964fc      0x13c C:/devkitPro/libogc/lib/wii\libogc.a(system.o)
 .text.__sram_write
                0x80096638      0x130 C:/devkitPro/libogc/lib/wii\libogc.a(system.o)
 .text.__sram_writecallback
                0x80096768       0x54 C:/devkitPro/libogc/lib/wii\libogc.a(system.o)
 .text.__mem_onreset
                0x800967bc       0x48 C:/devkitPro/libogc/lib/wii\libogc.a(system.o)
 .text.__unlocksram
                0x80096804      0x174 C:/devkitPro/libogc/lib/wii\libogc.a(system.o)
 .text.__sys_alarmhandler
                0x80096978      0x154 C:/devkitPro/libogc/lib/wii\libogc.a(system.o)
 .text.__syscall_malloc_lock
                0x80096acc        0x4 C:/devkitPro/libogc/lib/wii\libogc.a(system.o)
                0x80096acc                __syscall_malloc_lock
 .text.__syscall_malloc_unlock
                0x80096ad0        0x4 C:/devkitPro/libogc/lib/wii\libogc.a(system.o)
                0x80096ad0                __syscall_malloc_unlock
 .text.__syscall_gettod_r
                0x80096ad4        0x4 C:/devkitPro/libogc/lib/wii\libogc.a(system.o)
                0x80096ad4                __syscall_gettod_r
 .text.__syscall_nanosleep
                0x80096ad8        0x4 C:/devkitPro/libogc/lib/wii\libogc.a(system.o)
                0x80096ad8                __syscall_nanosleep
 .text.__SYS_GetRTC
                0x80096adc       0x98 C:/devkitPro/libogc/lib/wii\libogc.a(system.o)
                0x80096adc                __SYS_GetRTC
 .text.__SYS_SetBootTime
                0x80096b74      0x108 C:/devkitPro/libogc/lib/wii\libogc.a(system.o)
                0x80096b74                __SYS_SetBootTime
 .text.__SYS_GetIPCBufferLo
                0x80096c7c        0x8 C:/devkitPro/libogc/lib/wii\libogc.a(system.o)
                0x80096c7c                __SYS_GetIPCBufferLo
 .text.__SYS_GetIPCBufferHi
                0x80096c84        0x8 C:/devkitPro/libogc/lib/wii\libogc.a(system.o)
                0x80096c84                __SYS_GetIPCBufferHi
 .text.__SYS_DoPowerCB
                0x80096c8c       0x74 C:/devkitPro/libogc/lib/wii\libogc.a(system.o)
                0x80096c8c                __SYS_DoPowerCB
 .text.__SYS_PreInit
                0x80096d00        0x4 C:/devkitPro/libogc/lib/wii\libogc.a(system.o)
                0x80096d00                __SYS_PreInit
 .text.SYS_PreMain
                0x80096d04       0x7c C:/devkitPro/libogc/lib/wii\libogc.a(system.o)
                0x80096d04                SYS_PreMain
 .text.SYS_ResetButtonDown
                0x80096d80       0x18 C:/devkitPro/libogc/lib/wii\libogc.a(system.o)
                0x80096d80                SYS_ResetButtonDown
 .text.SYS_ResetSystem
                0x80096d98      0x1f8 C:/devkitPro/libogc/lib/wii\libogc.a(system.o)
                0x80096d98                SYS_ResetSystem
 .text.__reload
                0x80096f90       0x84 C:/devkitPro/libogc/lib/wii\libogc.a(system.o)
                0x80096f90                __reload
 .text.__syscall_exit
                0x80097014       0x8c C:/devkitPro/libogc/lib/wii\libogc.a(system.o)
                0x80097014                __syscall_exit
 .text.SYS_RegisterResetFunc
                0x800970a0       0x78 C:/devkitPro/libogc/lib/wii\libogc.a(system.o)
                0x800970a0                SYS_RegisterResetFunc
 .text.SYS_SetArena1Lo
                0x80097118       0x38 C:/devkitPro/libogc/lib/wii\libogc.a(system.o)
                0x80097118                SYS_SetArena1Lo
 .text.SYS_GetArena1Lo
                0x80097150       0x38 C:/devkitPro/libogc/lib/wii\libogc.a(system.o)
                0x80097150                SYS_GetArena1Lo
 .text.SYS_GetArena1Hi
                0x80097188       0x38 C:/devkitPro/libogc/lib/wii\libogc.a(system.o)
                0x80097188                SYS_GetArena1Hi
 .text.SYS_SetArena2Lo
                0x800971c0       0x38 C:/devkitPro/libogc/lib/wii\libogc.a(system.o)
                0x800971c0                SYS_SetArena2Lo
 .text.SYS_GetArena2Lo
                0x800971f8       0x38 C:/devkitPro/libogc/lib/wii\libogc.a(system.o)
                0x800971f8                SYS_GetArena2Lo
 .text.SYS_SetArena2Hi
                0x80097230       0x38 C:/devkitPro/libogc/lib/wii\libogc.a(system.o)
                0x80097230                SYS_SetArena2Hi
 .text.SYS_GetArena2Hi
                0x80097268       0x38 C:/devkitPro/libogc/lib/wii\libogc.a(system.o)
                0x80097268                SYS_GetArena2Hi
 .text.SYS_AllocateFramebuffer
                0x800972a0       0x28 C:/devkitPro/libogc/lib/wii\libogc.a(system.o)
                0x800972a0                SYS_AllocateFramebuffer
 .text.SYS_CreateAlarm
                0x800972c8      0x104 C:/devkitPro/libogc/lib/wii\libogc.a(system.o)
                0x800972c8                SYS_CreateAlarm
 .text.SYS_SetAlarm
                0x800973cc      0x1e0 C:/devkitPro/libogc/lib/wii\libogc.a(system.o)
                0x800973cc                SYS_SetAlarm
 .text.SYS_SetPeriodicAlarm
                0x800975ac      0x270 C:/devkitPro/libogc/lib/wii\libogc.a(system.o)
                0x800975ac                SYS_SetPeriodicAlarm
 .text.SYS_RemoveAlarm
                0x8009781c      0x10c C:/devkitPro/libogc/lib/wii\libogc.a(system.o)
                0x8009781c                SYS_RemoveAlarm
 .text.SYS_CancelAlarm
                0x80097928       0xbc C:/devkitPro/libogc/lib/wii\libogc.a(system.o)
                0x80097928                SYS_CancelAlarm
 .text.SYS_GetWirelessID
                0x800979e4       0x90 C:/devkitPro/libogc/lib/wii\libogc.a(system.o)
                0x800979e4                SYS_GetWirelessID
 .text.SYS_SetWirelessID
                0x80097a74       0x90 C:/devkitPro/libogc/lib/wii\libogc.a(system.o)
                0x80097a74                SYS_SetWirelessID
 .text.SYS_SetGBSMode
                0x80097b04       0xa8 C:/devkitPro/libogc/lib/wii\libogc.a(system.o)
                0x80097b04                SYS_SetGBSMode
 .text.__sram_init
                0x80097bac      0x1b8 C:/devkitPro/libogc/lib/wii\libogc.a(system.o)
                0x80097bac                __sram_init
 .text.SYS_Init
                0x80097d64      0x5b4 C:/devkitPro/libogc/lib/wii\libogc.a(system.o)
                0x80097d64                SYS_Init
 .text.SYS_GetHollywoodRevision
                0x80098318       0x3c C:/devkitPro/libogc/lib/wii\libogc.a(system.o)
                0x80098318                SYS_GetHollywoodRevision
 .text.SYS_Time
                0x80098354       0x78 C:/devkitPro/libogc/lib/wii\libogc.a(system.o)
                0x80098354                SYS_Time
 .text.__lwp_cond_init
                0x800983cc       0x14 C:/devkitPro/libogc/lib/wii\libogc.a(cond.o)
                0x800983cc                __lwp_cond_init
 .text.__GX_InitRevBits
                0x800983e0       0x98 C:/devkitPro/libogc/lib/wii\libogc.a(gx.o)
 .text.__GXTokenInterruptHandler
                0x80098478       0x6c C:/devkitPro/libogc/lib/wii\libogc.a(gx.o)
 .text.__GXDefTexRegionCallback
                0x800984e4       0x80 C:/devkitPro/libogc/lib/wii\libogc.a(gx.o)
 .text.__GXDefTlutRegionCallback
                0x80098564       0x18 C:/devkitPro/libogc/lib/wii\libogc.a(gx.o)
 .text.__SetSURegs
                0x8009857c       0x90 C:/devkitPro/libogc/lib/wii\libogc.a(gx.o)
 .text.__SETVCDATTR
                0x8009860c      0x230 C:/devkitPro/libogc/lib/wii\libogc.a(gx.o)
 .text.__SETVCDFMT
                0x8009883c      0x4cc C:/devkitPro/libogc/lib/wii\libogc.a(gx.o)
 .text.__GXCPInterruptHandler
                0x80098d08      0x170 C:/devkitPro/libogc/lib/wii\libogc.a(gx.o)
 .text.__GXFinishInterruptHandler
                0x80098e78       0x58 C:/devkitPro/libogc/lib/wii\libogc.a(gx.o)
 .text.GX_SetTexCoordGen2.part.0
                0x80098ed0      0x278 C:/devkitPro/libogc/lib/wii\libogc.a(gx.o)
 .text.GX_InitTexObj.part.0
                0x80099148      0x1c4 C:/devkitPro/libogc/lib/wii\libogc.a(gx.o)
 .text.__GX_SetDirtyState
                0x8009930c      0x62c C:/devkitPro/libogc/lib/wii\libogc.a(gx.o)
 .text.GX_SetCPUFifo
                0x80099938      0x20c C:/devkitPro/libogc/lib/wii\libogc.a(gx.o)
                0x80099938                GX_SetCPUFifo
 .text.GX_SetGPFifo
                0x80099b44      0x250 C:/devkitPro/libogc/lib/wii\libogc.a(gx.o)
                0x80099b44                GX_SetGPFifo
 .text.GX_AbortFrame
                0x80099d94      0x374 C:/devkitPro/libogc/lib/wii\libogc.a(gx.o)
                0x80099d94                GX_AbortFrame
 .text.__gx_onreset
                0x8009a108       0x7c C:/devkitPro/libogc/lib/wii\libogc.a(gx.o)
 .text.GX_SetDrawDone
                0x8009a184       0xb8 C:/devkitPro/libogc/lib/wii\libogc.a(gx.o)
                0x8009a184                GX_SetDrawDone
 .text.GX_WaitDrawDone
                0x8009a23c       0x74 C:/devkitPro/libogc/lib/wii\libogc.a(gx.o)